Component: ARM Compiler 5.05 update 1 (build 106) Tool: armlink [4d0efa]

==============================================================================

Section Cross References

    main.o(i.main) refers to _printf_percent.o(.ARM.Collect$$_printf_percent$$00000000) for _printf_percent
    main.o(i.main) refers to _printf_f.o(.ARM.Collect$$_printf_percent$$00000003) for _printf_f
    main.o(i.main) refers to printf1.o(x$fpl$printf1) for _printf_fp_dec
    main.o(i.main) refers to misc.o(i.NVIC_PriorityGroupConfig) for NVIC_PriorityGroupConfig
    main.o(i.main) refers to spwm.o(i.TIM3_PWM_Init) for TIM3_PWM_Init
    main.o(i.main) refers to spwm.o(i.TIM2_Int_Init) for TIM2_Int_Init
    main.o(i.main) refers to spwm.o(i.TIM2_Cap_Init) for TIM2_Cap_Init
    main.o(i.main) refers to delay.o(i.delay_init) for delay_init
    main.o(i.main) refers to adc.o(i.Adc_Init) for Adc_Init
    main.o(i.main) refers to usart.o(i.uart_init) for uart_init
    main.o(i.main) refers to oled.o(i.OLED_Init) for OLED_Init
    main.o(i.main) refers to oled.o(i.OLED_Clear1) for OLED_Clear1
    main.o(i.main) refers to pid.o(i.PID_Parameter_Init) for PID_Parameter_Init
    main.o(i.main) refers to oled.o(i.OLED_ShowString1) for OLED_ShowString1
    main.o(i.main) refers to adc.o(i.Get_Adc_Average) for Get_Adc_Average
    main.o(i.main) refers to fflt_clz.o(x$fpl$ffltu) for __aeabi_ui2f
    main.o(i.main) refers to f2d.o(x$fpl$f2d) for __aeabi_f2d
    main.o(i.main) refers to dmul.o(x$fpl$dmul) for __aeabi_dmul
    main.o(i.main) refers to d2f.o(x$fpl$d2f) for __aeabi_d2f
    main.o(i.main) refers to noretval__2printf.o(.text) for __2printf
    main.o(i.main) refers to spwm.o(.data) for Period_percent
    main.o(i.main) refers to pid.o(.bss) for voltage
    system_stm32f10x.o(i.SetSysClock) refers to system_stm32f10x.o(i.SetSysClockTo72) for SetSysClockTo72
    system_stm32f10x.o(i.SystemCoreClockUpdate) refers to system_stm32f10x.o(.data) for SystemCoreClock
    system_stm32f10x.o(i.SystemInit) refers to system_stm32f10x.o(i.SetSysClock) for SetSysClock
    delay.o(i.delay_init) refers to misc.o(i.SysTick_CLKSourceConfig) for SysTick_CLKSourceConfig
    delay.o(i.delay_init) refers to system_stm32f10x.o(.data) for SystemCoreClock
    delay.o(i.delay_init) refers to delay.o(.data) for fac_us
    delay.o(i.delay_ms) refers to delay.o(.data) for fac_ms
    delay.o(i.delay_us) refers to delay.o(.data) for fac_us
    usart.o(i.USART1_IRQHandler) refers (Special) to use_no_semi_2.o(.text) for __use_no_semihosting
    usart.o(i.USART1_IRQHandler) refers to stm32f10x_usart.o(i.USART_GetITStatus) for USART_GetITStatus
    usart.o(i.USART1_IRQHandler) refers to stm32f10x_usart.o(i.USART_ReceiveData) for USART_ReceiveData
    usart.o(i.USART1_IRQHandler) refers to usart.o(.data) for USART_RX_STA
    usart.o(i.USART1_IRQHandler) refers to usart.o(.bss) for USART_RX_BUF
    usart.o(i._sys_exit) refers (Special) to use_no_semi_2.o(.text) for __use_no_semihosting
    usart.o(i.fputc) refers (Special) to use_no_semi_2.o(.text) for __use_no_semihosting
    usart.o(i.uart_init) refers (Special) to use_no_semi_2.o(.text) for __use_no_semihosting
    usart.o(i.uart_init) refers to stm32f10x_rcc.o(i.RCC_APB2PeriphClockCmd) for RCC_APB2PeriphClockCmd
    usart.o(i.uart_init) refers to stm32f10x_gpio.o(i.GPIO_Init) for GPIO_Init
    usart.o(i.uart_init) refers to misc.o(i.NVIC_Init) for NVIC_Init
    usart.o(i.uart_init) refers to stm32f10x_usart.o(i.USART_Init) for USART_Init
    usart.o(i.uart_init) refers to stm32f10x_usart.o(i.USART_ITConfig) for USART_ITConfig
    usart.o(i.uart_init) refers to stm32f10x_usart.o(i.USART_Cmd) for USART_Cmd
    usart.o(.bss) refers (Special) to use_no_semi_2.o(.text) for __use_no_semihosting
    usart.o(.data) refers (Special) to use_no_semi_2.o(.text) for __use_no_semihosting
    startup_stm32f10x_md.o(STACK) refers (Special) to heapauxi.o(.text) for __use_two_region_memory
    startup_stm32f10x_md.o(HEAP) refers (Special) to heapauxi.o(.text) for __use_two_region_memory
    startup_stm32f10x_md.o(RESET) refers (Special) to heapauxi.o(.text) for __use_two_region_memory
    startup_stm32f10x_md.o(RESET) refers to startup_stm32f10x_md.o(STACK) for __initial_sp
    startup_stm32f10x_md.o(RESET) refers to startup_stm32f10x_md.o(.text) for Reset_Handler
    startup_stm32f10x_md.o(RESET) refers to stm32f10x_it.o(i.NMI_Handler) for NMI_Handler
    startup_stm32f10x_md.o(RESET) refers to stm32f10x_it.o(i.HardFault_Handler) for HardFault_Handler
    startup_stm32f10x_md.o(RESET) refers to stm32f10x_it.o(i.MemManage_Handler) for MemManage_Handler
    startup_stm32f10x_md.o(RESET) refers to stm32f10x_it.o(i.BusFault_Handler) for BusFault_Handler
    startup_stm32f10x_md.o(RESET) refers to stm32f10x_it.o(i.UsageFault_Handler) for UsageFault_Handler
    startup_stm32f10x_md.o(RESET) refers to stm32f10x_it.o(i.SVC_Handler) for SVC_Handler
[...]
    ../clib/stdio.c                          0x00000000   Number         0  ferror_locked.o ABSOLUTE
    ../clib/stdio.c                          0x00000000   Number         0  ferror.o ABSOLUTE
    ../clib/stdlib.c                         0x00000000   Number         0  exit.o ABSOLUTE
    ../fplib/d2f.s                           0x00000000   Number         0  d2f.o ABSOLUTE
    ../fplib/daddsub.s                       0x00000000   Number         0  daddsub_clz.o ABSOLUTE
    ../fplib/dcmpi.s                         0x00000000   Number         0  dcmpi.o ABSOLUTE
    ../fplib/dfix.s                          0x00000000   Number         0  dfix.o ABSOLUTE
    ../fplib/dfixu.s                         0x00000000   Number         0  dfixu.o ABSOLUTE
    ../fplib/dflt.s                          0x00000000   Number         0  dflt_clz.o ABSOLUTE
    ../fplib/dleqf.s                         0x00000000   Number         0  dleqf.o ABSOLUTE
    ../fplib/dmul.s                          0x00000000   Number         0  dmul.o ABSOLUTE
    ../fplib/dnaninf.s                       0x00000000   Number         0  dnaninf.o ABSOLUTE
    ../fplib/dretinf.s                       0x00000000   Number         0  dretinf.o ABSOLUTE
    ../fplib/drleqf.s                        0x00000000   Number         0  drleqf.o ABSOLUTE
    ../fplib/f2d.s                           0x00000000   Number         0  f2d.o ABSOLUTE
    ../fplib/faddsub.s                       0x00000000   Number         0  faddsub_clz.o ABSOLUTE
    ../fplib/fcmpi.s                         0x00000000   Number         0  fcmpi.o ABSOLUTE
    ../fplib/ffixu.s                         0x00000000   Number         0  ffixu.o ABSOLUTE
    ../fplib/fflt.s                          0x00000000   Number         0  fflt_clz.o ABSOLUTE
    ../fplib/fleqf.s                         0x00000000   Number         0  fleqf.o ABSOLUTE
    ../fplib/fmul.s                          0x00000000   Number         0  fmul.o ABSOLUTE
    ../fplib/fnaninf.s                       0x00000000   Number         0  fnaninf.o ABSOLUTE
    ../fplib/fpinit.s                        0x00000000   Number         0  fpinit.o ABSOLUTE
    ../fplib/fretinf.s                       0x00000000   Number         0  fretinf.o ABSOLUTE
    ../fplib/frleqf.s                        0x00000000   Number         0  frleqf.o ABSOLUTE
    ../fplib/istatus.s                       0x00000000   Number         0  istatus.o ABSOLUTE
    ../fplib/printf1.s                       0x00000000   Number         0  printf1.o ABSOLUTE
    ../fplib/usenofp.s                       0x00000000   Number         0  usenofp.o ABSOLUTE
    ../mathlib/fpclassify.c                  0x00000000   Number         0  fpclassify.o ABSOLUTE
    ..\CORE\core_cm3.c                       0x00000000   Number         0  core_cm3.o ABSOLUTE
    ..\CORE\startup_stm32f10x_md.s           0x00000000   Number         0  startup_stm32f10x_md.o ABSOLUTE
    ..\HARDWARE\ADC\adc.c                    0x00000000   Number         0  adc.o ABSOLUTE
    ..\HARDWARE\KEY\key.c                    0x00000000   Number         0  key.o ABSOLUTE
    ..\HARDWARE\OLED\oled.c                  0x00000000   Number         0  oled.o ABSOLUTE
    ..\HARDWARE\PID\PID.c                    0x00000000   Number         0  pid.o ABSOLUTE
    ..\HARDWARE\SPWM\SPWM.c                  0x00000000   Number         0  spwm.o ABSOLUTE
    ..\STM32F10x_FWLib\src\misc.c            0x00000000   Number         0  misc.o ABSOLUTE
    ..\STM32F10x_FWLib\src\stm32f10x_adc.c   0x00000000   Number         0  stm32f10x_adc.o ABSOLUTE
    ..\STM32F10x_FWLib\src\stm32f10x_bkp.c   0x00000000   Number         0  stm32f10x_bkp.o ABSOLUTE
    ..\STM32F10x_FWLib\src\stm32f10x_can.c   0x00000000   Number         0  stm32f10x_can.o ABSOLUTE
    ..\STM32F10x_FWLib\src\stm32f10x_cec.c   0x00000000   Number         0  stm32f10x_cec.o ABSOLUTE
    ..\STM32F10x_FWLib\src\stm32f10x_crc.c   0x00000000   Number         0  stm32f10x_crc.o ABSOLUTE
    ..\STM32F10x_FWLib\src\stm32f10x_dac.c   0x00000000   Number         0  stm32f10x_dac.o ABSOLUTE
    ..\STM32F10x_FWLib\src\stm32f10x_dbgmcu.c 0x00000000   Number         0  stm32f10x_dbgmcu.o ABSOLUTE
    ..\STM32F10x_FWLib\src\stm32f10x_dma.c   0x00000000   Number         0  stm32f10x_dma.o ABSOLUTE
    ..\STM32F10x_FWLib\src\stm32f10x_exti.c  0x00000000   Number         0  stm32f10x_exti.o ABSOLUTE
    ..\STM32F10x_FWLib\src\stm32f10x_flash.c 0x00000000   Number         0  stm32f10x_flash.o ABSOLUTE
    ..\STM32F10x_FWLib\src\stm32f10x_fsmc.c  0x00000000   Number         0  stm32f10x_fsmc.o ABSOLUTE
    ..\STM32F10x_FWLib\src\stm32f10x_gpio.c  0x00000000   Number         0  stm32f10x_gpio.o ABSOLUTE
    ..\STM32F10x_FWLib\src\stm32f10x_i2c.c   0x00000000   Number         0  stm32f10x_i2c.o ABSOLUTE
    ..\STM32F10x_FWLib\src\stm32f10x_iwdg.c  0x00000000   Number         0  stm32f10x_iwdg.o ABSOLUTE
    ..\STM32F10x_FWLib\src\stm32f10x_pwr.c   0x00000000   Number         0  stm32f10x_pwr.o ABSOLUTE
    ..\STM32F10x_FWLib\src\stm32f10x_rcc.c   0x00000000   Number         0  stm32f10x_rcc.o ABSOLUTE
    ..\STM32F10x_FWLib\src\stm32f10x_rtc.c   0x00000000   Number         0  stm32f10x_rtc.o ABSOLUTE
    ..\STM32F10x_FWLib\src\stm32f10x_sdio.c  0x00000000   Number         0  stm32f10x_sdio.o ABSOLUTE
    ..\STM32F10x_FWLib\src\stm32f10x_spi.c   0x00000000   Number         0  stm32f10x_spi.o ABSOLUTE
    ..\STM32F10x_FWLib\src\stm32f10x_tim.c   0x00000000   Number         0  stm32f10x_tim.o ABSOLUTE
    ..\STM32F10x_FWLib\src\stm32f10x_usart.c 0x00000000   Number         0  stm32f10x_usart.o ABSOLUTE
    ..\STM32F10x_FWLib\src\stm32f10x_wwdg.c  0x00000000   Number         0  stm32f10x_wwdg.o ABSOLUTE
    ..\SYSTEM\delay\delay.c                  0x00000000   Number         0  delay.o ABSOLUTE
    ..\SYSTEM\sys\sys.c                      0x00000000   Number         0  sys.o ABSOLUTE
    ..\SYSTEM\usart\usart.c                  0x00000000   Number         0  usart.o ABSOLUTE
    ..\\CORE\\core_cm3.c                     0x00000000   Number         0  core_cm3.o ABSOLUTE
    ..\\SYSTEM\\sys\\sys.c                   0x00000000   Number         0  sys.o ABSOLUTE
    dc.s                                     0x00000000   Number         0  dc.o ABSOLUTE
    main.c                                   0x00000000   Number         0  main.o ABSOLUTE
    stm32f10x_it.c                           0x00000000   Number         0  stm32f10x_it.o ABSOLUTE
    system_stm32f10x.c                       0x00000000   Number         0  system_stm32f10x.o ABSOLUTE
    RESET                                    0x08000000   Section      236  startup_stm32f10x_md.o(RESET)
    !!!main                                  0x080000ec   Section        8  __main.o(!!!main)
    !!!scatter                               0x080000f4   Section       52  __scatter.o(!!!scatter)
    !!handler_copy                           0x08000128   Section       26  __scatter_copy.o(!!handler_copy)
    !!handler_zi                             0x08000144   Section       28  __scatter_zi.o(!!handler_zi)
    .ARM.Collect$$_printf_percent$$00000000  0x08000160   Section        0  _printf_percent.o(.ARM.Collect$$_printf_percent$$00000000)
    .ARM.Collect$$_printf_percent$$00000003  0x08000160   Section        6  _printf_f.o(.ARM.Collect$$_printf_percent$$00000003)
    .ARM.Collect$$_printf_percent$$00000017  0x08000166   Section        4  _printf_percent_end.o(.ARM.Collect$$_printf_percent$$00000017)
    .ARM.Collect$$libinit$$00000000          0x0800016a   Section        2  libinit.o(.ARM.Collect$$libinit$$00000000)
    .ARM.Collect$$libinit$$00000002          0x0800016c   Section        0  libinit2.o(.ARM.Collect$$libinit$$00000002)
    .ARM.Collect$$libinit$$00000004          0x0800016c   Section        0  libinit2.o(.ARM.Collect$$libinit$$00000004)
    .ARM.Collect$$libinit$$0000000A          0x0800016c   Section        0  libinit2.o(.ARM.Collect$$libinit$$0000000A)
    .ARM.Collect$$libinit$$0000000C          0x0800016c   Section        0  libinit2.o(.ARM.Collect$$libinit$$0000000C)
    .ARM.Collect$$libinit$$0000000E          0x0800016c   Section        0  libinit2.o(.ARM.Collect$$libinit$$0000000E)
    .ARM.Collect$$libinit$$0000000F          0x0800016c   Section        6  libinit2.o(.ARM.Collect$$libinit$$0000000F)
    .ARM.Collect$$libinit$$00000011          0x08000172   Section        0  libinit2.o(.ARM.Collect$$libinit$$00000011)
    .ARM.Collect$$libinit$$00000013          0x08000172   Section        0  libinit2.o(.ARM.Collect$$libinit$$00000013)
    .ARM.Collect$$libinit$$00000015          0x08000172   Section        0  libinit2.o(.ARM.Collect$$libinit$$00000015)
    .ARM.Collect$$libinit$$00000016          0x08000172   Section       10  libinit2.o(.ARM.Collect$$libinit$$00000016)
    .ARM.Collect$$libinit$$00000017          0x0800017c   Section        0  libinit2.o(.ARM.Collect$$libinit$$00000017)
    .ARM.Collect$$libinit$$00000019          0x0800017c   Section        0  libinit2.o(.ARM.Collect$$libinit$$00000019)
    .ARM.Collect$$libinit$$0000001B          0x0800017c   Section        0  libinit2.o(.ARM.Collect$$libinit$$0000001B)
    .ARM.Collect$$libinit$$0000001D          0x0800017c   Section        0  libinit2.o(.ARM.Collect$$libinit$$0000001D)
    .ARM.Collect$$libinit$$0000001F          0x0800017c   Section        0  libinit2.o(.ARM.Collect$$libinit$$0000001F)
    .ARM.Collect$$libinit$$00000021          0x0800017c   Section        0  libinit2.o(.ARM.Collect$$libinit$$00000021)
    .ARM.Collect$$libinit$$00000023          0x0800017c   Section        0  libinit2.o(.ARM.Collect$$libinit$$00000023)
    .ARM.Collect$$libinit$$00000025          0x0800017c   Section        0  libinit2.o(.ARM.Collect$$libinit$$00000025)
    .ARM.Collect$$libinit$$0000002C          0x0800017c   Section        0  libinit2.o(.ARM.Collect$$libinit$$0000002C)
    .ARM.Collect$$libinit$$0000002E          0x0800017c   Section        0  libinit2.o(.ARM.Collect$$libinit$$0000002E)
    .ARM.Collect$$libinit$$00000030          0x0800017c   Section        0  libinit2.o(.ARM.Collect$$libinit$$00000030)
    .ARM.Collect$$libinit$$00000032          0x0800017c   Section        0  libinit2.o(.ARM.Collect$$libinit$$00000032)
    .ARM.Collect$$libinit$$00000033          0x0800017c   Section        2  libinit2.o(.ARM.Collect$$libinit$$00000033)
    .ARM.Collect$$libshutdown$$00000000      0x0800017e   Section        2  libshutdown.o(.ARM.Collect$$libshutdown$$00000000)
    .ARM.Collect$$libshutdown$$00000003      0x08000180   Section        0  libshutdown2.o(.ARM.Collect$$libshutdown$$00000003)
    .ARM.Collect$$libshutdown$$00000006      0x08000180   Section        0  libshutdown2.o(.ARM.Collect$$libshutdown$$00000006)
    .ARM.Collect$$libshutdown$$00000009      0x08000180   Section        0  libshutdown2.o(.ARM.Collect$$libshutdown$$00000009)
    .ARM.Collect$$libshutdown$$0000000B      0x08000180   Section        0  libshutdown2.o(.ARM.Collect$$libshutdown$$0000000B)
    .ARM.Collect$$libshutdown$$0000000E      0x08000180   Section        0  libshutdown2.o(.ARM.Collect$$libshutdown$$0000000E)
    .ARM.Collect$$libshutdown$$0000000F      0x08000180   Section        2  libshutdown2.o(.ARM.Collect$$libshutdown$$0000000F)
    .ARM.Collect$$rtentry$$00000000          0x08000182   Section        0  __rtentry.o(.ARM.Collect$$rtentry$$00000000)
    .ARM.Collect$$rtentry$$00000002          0x08000182   Section        0  __rtentry2.o(.ARM.Collect$$rtentry$$00000002)
    .ARM.Collect$$rtentry$$00000004          0x08000182   Section        6  __rtentry4.o(.ARM.Collect$$rtentry$$00000004)
    .ARM.Collect$$rtentry$$00000009          0x08000188   Section        0  __rtentry2.o(.ARM.Collect$$rtentry$$00000009)
    .ARM.Collect$$rtentry$$0000000A          0x08000188   Section        4  __rtentry2.o(.ARM.Collect$$rtentry$$0000000A)
    .ARM.Collect$$rtentry$$0000000C          0x0800018c   Section        0  __rtentry2.o(.ARM.Collect$$rtentry$$0000000C)
    .ARM.Collect$$rtentry$$0000000D          0x0800018c   Section        8  __rtentry2.o(.ARM.Collect$$rtentry$$0000000D)
    .ARM.Collect$$rtexit$$00000000           0x08000194   Section        2  rtexit.o(.ARM.Collect$$rtexit$$00000000)
    .ARM.Collect$$rtexit$$00000002           0x08000196   Section        0  rtexit2.o(.ARM.Collect$$rtexit$$00000002)
    .ARM.Collect$$rtexit$$00000003           0x08000196   Section        4  rtexit2.o(.ARM.Collect$$rtexit$$00000003)
    .ARM.Collect$$rtexit$$00000004           0x0800019a   Section        6  rtexit2.o(.ARM.Collect$$rtexit$$00000004)
    .text                                    0x080001a0   Section       64  startup_stm32f10x_md.o(.text)
    .text                                    0x080001e0   Section        2  use_no_semi_2.o(.text)
    .text                                    0x080001e4   Section        0  noretval__2printf.o(.text)
    .text                                    0x080001fc   Section        0  __printf.o(.text)
    .text                                    0x08000264   Section       78  rt_memclr_w.o(.text)
    .text                                    0x080002b2   Section        0  heapauxi.o(.text)
    .text                                    0x080002b8   Section        2  use_no_semi.o(.text)
    .text                                    0x080002ba   Section        0  _printf_fp_dec.o(.text)
    _fp_digits                               0x080002bd   Thumb Code   428  _printf_fp_dec.o(.text)
    .text                                    0x080006d4   Section        0  _printf_char_file.o(.text)
    .text                                    0x080006f8   Section        8  rt_locale_intlibspace.o(.text)
    .text                                    0x08000700   Section      138  lludiv10.o(.text)
    .text                                    0x0800078c   Section        0  _printf_char_common.o(.text)
    _printf_input_char                       0x0800078d   Thumb Code    10  _printf_char_common.o(.text)
    .text                                    0x080007bc   Section        0  _printf_fp_infnan.o(.text)
    .text                                    0x0800083c   Section        0  bigflt0.o(.text)
    .text                                    0x08000918   Section        0  ferror.o(.text)
    .text                                    0x08000920   Section        8  libspace.o(.text)
    .text                                    0x08000928   Section       74  sys_stackheap_outer.o(.text)
    .text                                    0x08000972   Section        0  exit.o(.text)
    .text                                    0x08000980   Section      128  strcmpv7m.o(.text)
    CL$$btod_d2e                             0x08000a00   Section       62  btod.o(CL$$btod_d2e)
    CL$$btod_d2e_denorm_low                  0x08000a3e   Section       70  btod.o(CL$$btod_d2e_denorm_low)
    CL$$btod_d2e_norm_op1                    0x08000a84   Section       96  btod.o(CL$$btod_d2e_norm_op1)
    CL$$btod_div_common                      0x08000ae4   Section      824  btod.o(CL$$btod_div_common)
    CL$$btod_e2e                             0x08000e1c   Section      198  btod.o(CL$$btod_e2e)
    CL$$btod_ediv                            0x08000ee2   Section       40  btod.o(CL$$btod_ediv)
    CL$$btod_emul                            0x08000f0a   Section       40  btod.o(CL$$btod_emul)
    CL$$btod_mult_common                     0x08000f32   Section      580  btod.o(CL$$btod_mult_common)
    i.ADC_Cmd                                0x08001176   Section        0  stm32f10x_adc.o(i.ADC_Cmd)
    i.ADC_DeInit                             0x0800118c   Section        0  stm32f10x_adc.o(i.ADC_DeInit)
    i.ADC_GetCalibrationStatus               0x080011e8   Section        0  stm32f10x_adc.o(i.ADC_GetCalibrationStatus)
    i.ADC_GetConversionValue                 0x080011fc   Section        0  stm32f10x_adc.o(i.ADC_GetConversionValue)
    i.ADC_GetFlagStatus                      0x08001204   Section        0  stm32f10x_adc.o(i.ADC_GetFlagStatus)
    i.ADC_GetResetCalibrationStatus          0x08001216   Section        0  stm32f10x_adc.o(i.ADC_GetResetCalibrationStatus)
    i.ADC_Init                               0x0800122c   Section        0  stm32f10x_adc.o(i.ADC_Init)
    i.ADC_RegularChannelConfig               0x0800127c   Section        0  stm32f10x_adc.o(i.ADC_RegularChannelConfig)
    i.ADC_ResetCalibration                   0x08001334   Section        0  stm32f10x_adc.o(i.ADC_ResetCalibration)
    i.ADC_SoftwareStartConvCmd               0x0800133e   Section        0  stm32f10x_adc.o(i.ADC_SoftwareStartConvCmd)
    i.ADC_StartCalibration                   0x08001354   Section        0  stm32f10x_adc.o(i.ADC_StartCalibration)
    i.Adc_Init                               0x08001360   Section        0  adc.o(i.Adc_Init)
    i.BusFault_Handler                       0x08001430   Section        0  stm32f10x_it.o(i.BusFault_Handler)
    i.DebugMon_Handler                       0x08001434   Section        0  stm32f10x_it.o(i.DebugMon_Handler)
    i.GPIO_Init                              0x08001436   Section        0  stm32f10x_gpio.o(i.GPIO_Init)
    i.GPIO_ResetBits                         0x0800154c   Section        0  stm32f10x_gpio.o(i.GPIO_ResetBits)
    i.GPIO_SetBits                           0x08001550   Section        0  stm32f10x_gpio.o(i.GPIO_SetBits)
    i.Get_Adc                                0x08001554   Section        0  adc.o(i.Get_Adc)
    i.Get_Adc_Average                        0x08001588   Section        0  adc.o(i.Get_Adc_Average)
    i.HardFault_Handler                      0x080015b6   Section        0  stm32f10x_it.o(i.HardFault_Handler)
    i.MemManage_Handler                      0x080015ba   Section        0  stm32f10x_it.o(i.MemManage_Handler)
    i.NMI_Handler                            0x080015be   Section        0  stm32f10x_it.o(i.NMI_Handler)
    i.NVIC_Init                              0x080015c0   Section        0  misc.o(i.NVIC_Init)
    i.NVIC_PriorityGroupConfig               0x08001630   Section        0  misc.o(i.NVIC_PriorityGroupConfig)
    i.OLED_Clear1                            0x08001644   Section        0  oled.o(i.OLED_Clear1)
    i.OLED_DLY_ms                            0x08001684   Section        0  oled.o(i.OLED_DLY_ms)
    i.OLED_Fill                              0x0800169c   Section        0  oled.o(i.OLED_Fill)
    i.OLED_Init                              0x080016d8   Section        0  oled.o(i.OLED_Init)
    i.OLED_Set_Pos1                          0x080017f0   Section        0  oled.o(i.OLED_Set_Pos1)
    i.OLED_ShowChar1                         0x08001820   Section        0  oled.o(i.OLED_ShowChar1)
    i.OLED_ShowString1                       0x0800188c   Section        0  oled.o(i.OLED_ShowString1)
    i.OLED_WR_Byte                           0x080018c4   Section        0  oled.o(i.OLED_WR_Byte)
    i.OLED_WR_Byte1                          0x0800192c   Section        0  oled.o(i.OLED_WR_Byte1)
    i.OLED_WrCmd                             0x08001988   Section        0  oled.o(i.OLED_WrCmd)
    i.OLED_WrDat                             0x080019e0   Section        0  oled.o(i.OLED_WrDat)
    i.PID_Calc                               0x08001a3c   Section        0  pid.o(i.PID_Calc)
    i.PID_Parameter_Init                     0x08001b4c   Section        0  pid.o(i.PID_Parameter_Init)
    i.PendSV_Handler                         0x08001b72   Section        0  stm32f10x_it.o(i.PendSV_Handler)
    i.RCC_ADCCLKConfig                       0x08001b74   Section        0  stm32f10x_rcc.o(i.RCC_ADCCLKConfig)
    i.RCC_APB1PeriphClockCmd                 0x08001b8c   Section        0  stm32f10x_rcc.o(i.RCC_APB1PeriphClockCmd)
    i.RCC_APB2PeriphClockCmd                 0x08001bac   Section        0  stm32f10x_rcc.o(i.RCC_APB2PeriphClockCmd)
    i.RCC_APB2PeriphResetCmd                 0x08001bcc   Section        0  stm32f10x_rcc.o(i.RCC_APB2PeriphResetCmd)
    i.RCC_GetClocksFreq                      0x08001bec   Section        0  stm32f10x_rcc.o(i.RCC_GetClocksFreq)
    i.SVC_Handler                            0x08001cc0   Section        0  stm32f10x_it.o(i.SVC_Handler)
    i.SetSysClock                            0x08001cc2   Section        0  system_stm32f10x.o(i.SetSysClock)
    SetSysClock                              0x08001cc3   Thumb Code     8  system_stm32f10x.o(i.SetSysClock)
    i.SetSysClockTo72                        0x08001ccc   Section        0  system_stm32f10x.o(i.SetSysClockTo72)
    SetSysClockTo72                          0x08001ccd   Thumb Code   214  system_stm32f10x.o(i.SetSysClockTo72)
    i.SysTick_CLKSourceConfig                0x08001dac   Section        0  misc.o(i.SysTick_CLKSourceConfig)
    i.SysTick_Handler                        0x08001dd4   Section        0  stm32f10x_it.o(i.SysTick_Handler)
    i.SystemInit                             0x08001dd8   Section        0  system_stm32f10x.o(i.SystemInit)
    i.TI1_Config                             0x08001e38   Section        0  stm32f10x_tim.o(i.TI1_Config)
    TI1_Config                               0x08001e39   Thumb Code   108  stm32f10x_tim.o(i.TI1_Config)
    i.TI2_Config                             0x08001eb8   Section        0  stm32f10x_tim.o(i.TI2_Config)
    TI2_Config                               0x08001eb9   Thumb Code   130  stm32f10x_tim.o(i.TI2_Config)
    i.TI3_Config                             0x08001f50   Section        0  stm32f10x_tim.o(i.TI3_Config)
    TI3_Config                               0x08001f51   Thumb Code   122  stm32f10x_tim.o(i.TI3_Config)
    i.TI4_Config                             0x08001fe0   Section        0  stm32f10x_tim.o(i.TI4_Config)
    TI4_Config                               0x08001fe1   Thumb Code   130  stm32f10x_tim.o(i.TI4_Config)
    i.TIM1_UP_IRQHandler                     0x08002078   Section        0  spwm.o(i.TIM1_UP_IRQHandler)
    i.TIM2_Cap_Init                          0x08002148   Section        0  spwm.o(i.TIM2_Cap_Init)
    i.TIM2_IRQHandler                        0x080021f8   Section        0  spwm.o(i.TIM2_IRQHandler)
    i.TIM2_Int_Init                          0x08002244   Section        0  spwm.o(i.TIM2_Int_Init)
    i.TIM3_IRQHandler                        0x080022a0   Section        0  spwm.o(i.TIM3_IRQHandler)
    i.TIM3_PWM_Init                          0x08002370   Section        0  spwm.o(i.TIM3_PWM_Init)
    i.TIM_ClearITPendingBit                  0x0800247c   Section        0  stm32f10x_tim.o(i.TIM_ClearITPendingBit)
    i.TIM_Cmd                                0x08002482   Section        0  stm32f10x_tim.o(i.TIM_Cmd)
    i.TIM_GetITStatus                        0x0800249a   Section        0  stm32f10x_tim.o(i.TIM_GetITStatus)
    i.TIM_ICInit                             0x080024bc   Section        0  stm32f10x_tim.o(i.TIM_ICInit)
    i.TIM_ITConfig                           0x08002568   Section        0  stm32f10x_tim.o(i.TIM_ITConfig)
    i.TIM_OC2Init                            0x0800257c   Section        0  stm32f10x_tim.o(i.TIM_OC2Init)
    i.TIM_OC2PreloadConfig                   0x08002620   Section        0  stm32f10x_tim.o(i.TIM_OC2PreloadConfig)
    i.TIM_OC3Init                            0x0800263c   Section        0  stm32f10x_tim.o(i.TIM_OC3Init)
    i.TIM_OC3PreloadConfig                   0x080026dc   Section        0  stm32f10x_tim.o(i.TIM_OC3PreloadConfig)
    i.TIM_OC4Init                            0x080026f0   Section        0  stm32f10x_tim.o(i.TIM_OC4Init)
    i.TIM_OC4PreloadConfig                   0x0800276c   Section        0  stm32f10x_tim.o(i.TIM_OC4PreloadConfig)
    i.TIM_SetCompare1                        0x08002786   Section        0  stm32f10x_tim.o(i.TIM_SetCompare1)
    i.TIM_SetCompare2                        0x0800278a   Section        0  stm32f10x_tim.o(i.TIM_SetCompare2)
    i.TIM_SetCompare3                        0x0800278e   Section        0  stm32f10x_tim.o(i.TIM_SetCompare3)
    i.TIM_SetCompare4                        0x08002792   Section        0  stm32f10x_tim.o(i.TIM_SetCompare4)
    i.TIM_SetIC1Prescaler                    0x08002798   Section        0  stm32f10x_tim.o(i.TIM_SetIC1Prescaler)
    i.TIM_SetIC2Prescaler                    0x080027aa   Section        0  stm32f10x_tim.o(i.TIM_SetIC2Prescaler)
    i.TIM_SetIC3Prescaler                    0x080027c4   Section        0  stm32f10x_tim.o(i.TIM_SetIC3Prescaler)
    i.TIM_SetIC4Prescaler                    0x080027d6   Section        0  stm32f10x_tim.o(i.TIM_SetIC4Prescaler)
    i.TIM_TimeBaseInit                       0x080027f0   Section        0  stm32f10x_tim.o(i.TIM_TimeBaseInit)
    i.USART1_IRQHandler                      0x08002894   Section        0  usart.o(i.USART1_IRQHandler)
    i.USART_Cmd                              0x0800291c   Section        0  stm32f10x_usart.o(i.USART_Cmd)
    i.USART_GetITStatus                      0x08002934   Section        0  stm32f10x_usart.o(i.USART_GetITStatus)
    i.USART_ITConfig                         0x08002988   Section        0  stm32f10x_usart.o(i.USART_ITConfig)
    i.USART_Init                             0x080029d4   Section        0  stm32f10x_usart.o(i.USART_Init)
    i.USART_ReceiveData                      0x08002aac   Section        0  stm32f10x_usart.o(i.USART_ReceiveData)
    i.UsageFault_Handler                     0x08002ab6   Section        0  stm32f10x_it.o(i.UsageFault_Handler)
    i.__ARM_fpclassify                       0x08002aba   Section        0  fpclassify.o(i.__ARM_fpclassify)
    i._sys_exit                              0x08002ae2   Section        0  usart.o(i._sys_exit)
    i.delay_init                             0x08002ae8   Section        0  delay.o(i.delay_init)
    i.delay_ms                               0x08002b2c   Section        0  delay.o(i.delay_ms)
    i.fputc                                  0x08002b78   Section        0  usart.o(i.fputc)
    i.main                                   0x08002b94   Section        0  main.o(i.main)
    i.uart_init                              0x08002cd8   Section        0  usart.o(i.uart_init)
    locale$$code                             0x08002d7c   Section       44  lc_numeric_c.o(locale$$code)
    x$fpl$d2f                                0x08002da8   Section       98  d2f.o(x$fpl$d2f)
    x$fpl$dcmpinf                            0x08002e0a   Section       24  dcmpi.o(x$fpl$dcmpinf)
    x$fpl$dleqf                              0x08002e24   Section      120  dleqf.o(x$fpl$dleqf)
    x$fpl$dmul                               0x08002e9c   Section      340  dmul.o(x$fpl$dmul)
    x$fpl$dnaninf                            0x08002ff0   Section      156  dnaninf.o(x$fpl$dnaninf)
    x$fpl$dretinf                            0x0800308c   Section       12  dretinf.o(x$fpl$dretinf)
    x$fpl$drleqf                             0x08003098   Section      108  drleqf.o(x$fpl$drleqf)
    x$fpl$f2d                                0x08003104   Section       86  f2d.o(x$fpl$f2d)
    x$fpl$fadd                               0x0800315c   Section      196  faddsub_clz.o(x$fpl$fadd)
    _fadd1                                   0x0800316b   Thumb Code     0  faddsub_clz.o(x$fpl$fadd)
    x$fpl$fcmpinf                            0x08003220   Section       24  fcmpi.o(x$fpl$fcmpinf)
    x$fpl$ffixu                              0x08003238   Section       62  ffixu.o(x$fpl$ffixu)
    x$fpl$ffltu                              0x08003278   Section       38  fflt_clz.o(x$fpl$ffltu)
    x$fpl$fleqf                              0x080032a0   Section      104  fleqf.o(x$fpl$fleqf)
    x$fpl$fmul                               0x08003308   Section      258  fmul.o(x$fpl$fmul)
    x$fpl$fnaninf                            0x0800340a   Section      140  fnaninf.o(x$fpl$fnaninf)
    x$fpl$fretinf                            0x08003496   Section       10  fretinf.o(x$fpl$fretinf)
    x$fpl$frleqf                             0x080034a0   Section       98  frleqf.o(x$fpl$frleqf)
    x$fpl$frsb                               0x08003502   Section       20  faddsub_clz.o(x$fpl$frsb)
    x$fpl$fsub                               0x08003518   Section      234  faddsub_clz.o(x$fpl$fsub)
    _fsub1                                   0x08003527   Thumb Code     0  faddsub_clz.o(x$fpl$fsub)
    x$fpl$printf1                            0x08003602   Section        4  printf1.o(x$fpl$printf1)
    .constdata                               0x08003606   Section     3849  oled.o(.constdata)
    x$fpl$usenofp                            0x08003606   Section        0  usenofp.o(x$fpl$usenofp)
    .constdata                               0x08004510   Section     4320  spwm.o(.constdata)
    .constdata                               0x080055f0   Section      148  bigflt0.o(.constdata)
    tenpwrs_x                                0x080055f0   Data          60  bigflt0.o(.constdata)
    tenpwrs_i                                0x0800562c   Data          64  bigflt0.o(.constdata)
    locale$$data                             0x080056a4   Section       28  lc_numeric_c.o(locale$$data)
    __lcnum_c_name                           0x080056a8   Data           2  lc_numeric_c.o(locale$$data)
    __lcnum_c_start                          0x080056b0   Data           0  lc_numeric_c.o(locale$$data)
    __lcnum_c_point                          0x080056bc   Data           0  lc_numeric_c.o(locale$$data)
    __lcnum_c_thousands                      0x080056be   Data           0  lc_numeric_c.o(locale$$data)
    __lcnum_c_grouping                       0x080056bf   Data           0  lc_numeric_c.o(locale$$data)
    __lcnum_c_end                            0x080056c0   Data           0  lc_numeric_c.o(locale$$data)
    .data                                    0x20000000   Section       20  system_stm32f10x.o(.data)
    .data                                    0x20000014   Section        4  delay.o(.data)
    fac_us                                   0x20000014   Data           1  delay.o(.data)
    fac_ms                                   0x20000016   Data           2  delay.o(.data)
    .data                                    0x20000018   Section        6  usart.o(.data)
    .data                                    0x2000001e   Section       20  stm32f10x_rcc.o(.data)
    APBAHBPrescTable                         0x2000001e   Data          16  stm32f10x_rcc.o(.data)
    ADCPrescTable                            0x2000002e   Data           4  stm32f10x_rcc.o(.data)
    .data                                    0x20000034   Section       36  spwm.o(.data)
    SinTab_i                                 0x20000038   Data           2  spwm.o(.data)
    .data                                    0x20000058   Section       48  pid.o(.data)
    .bss                                     0x20000088   Section      200  usart.o(.bss)
    .bss                                     0x20000150   Section       72  pid.o(.bss)
    .bss                                     0x20000198   Section       96  libspace.o(.bss)
    HEAP                                     0x200001f8   Section      512  startup_stm32f10x_md.o(HEAP)
    Heap_Mem                                 0x200001f8   Data         512  startup_stm32f10x_md.o(HEAP)
    STACK                                    0x200003f8   Section     1024  startup_stm32f10x_md.o(STACK)
    Stack_Mem                                0x200003f8   Data        1024  startup_stm32f10x_md.o(STACK)
    __initial_sp                             0x200007f8   Data           0  startup_stm32f10x_md.o(STACK)

    Global Symbols

    Symbol Name                              Value     Ov Type        Size  Object(Section)

    BuildAttributes$$THM_ISAv4$P$D$K$B$S$PE$A:L22UL41UL21$X:L11$S22US41US21$IEEE1$IW$USESV6$~STKCKD$USESV7$~SHL$OTIME$ROPI$IEEEJ$EBA8$UX$STANDARDLIB$REQ8$PRES8$EABIv2 0x00000000   Number         0  anon$$obj.o ABSOLUTE
    __ARM_use_no_argv                        0x00000000   Number         0  main.o ABSOLUTE
    __ARM_exceptions_init                     - Undefined Weak Reference
    __alloca_initialize                       - Undefined Weak Reference
    __arm_preinit_                            - Undefined Weak Reference
    __cpp_initialize__aeabi_                  - Undefined Weak Reference
    __cxa_finalize                            - Undefined Weak Reference
    __sigvec_lookup                           - Undefined Weak Reference
    _atexit_init                              - Undefined Weak Reference
    _call_atexit_fns                          - Undefined Weak Reference
    _clock_init                               - Undefined Weak Reference
    _fp_trap_init                             - Undefined Weak Reference
    _fp_trap_shutdown                         - Undefined Weak Reference
    _get_lc_collate                           - Undefined Weak Reference
    _get_lc_ctype                             - Undefined Weak Reference
    _get_lc_monetary                          - Undefined Weak Reference
    _get_lc_time                              - Undefined Weak Reference
    _getenv_init                              - Undefined Weak Reference
    _handle_redirection                       - Undefined Weak Reference
    _init_alloc                               - Undefined Weak Reference
    _init_user_alloc                          - Undefined Weak Reference
    _initio                                   - Undefined Weak Reference
    _mutex_acquire                            - Undefined Weak Reference
    _mutex_release                            - Undefined Weak Reference
    _printf_post_padding                      - Undefined Weak Reference
    _printf_pre_padding                       - Undefined Weak Reference
    _rand_init                                - Undefined Weak Reference
    _signal_finish                            - Undefined Weak Reference
    _signal_init                              - Undefined Weak Reference
    _terminate_alloc                          - Undefined Weak Reference
    _terminate_user_alloc                     - Undefined Weak Reference
    _terminateio                              - Undefined Weak Reference
    __Vectors_Size                           0x000000ec   Number         0  startup_stm32f10x_md.o ABSOLUTE
    __Vectors                                0x08000000   Data           4  startup_stm32f10x_md.o(RESET)
    __Vectors_End                            0x080000ec   Data           0  startup_stm32f10x_md.o(RESET)
    __main                                   0x080000ed   Thumb Code     8  __main.o(!!!main)
    __scatterload                            0x080000f5   Thumb Code     0  __scatter.o(!!!scatter)
    __scatterload_rt2                        0x080000f5   Thumb Code    44  __scatter.o(!!!scatter)
    __scatterload_rt2_thumb_only             0x080000f5   Thumb Code     0  __scatter.o(!!!scatter)
    __scatterload_null                       0x08000103   Thumb Code     0  __scatter.o(!!!scatter)
    __scatterload_copy                       0x08000129   Thumb Code    26  __scatter_copy.o(!!handler_copy)
    __scatterload_zeroinit                   0x08000145   Thumb Code    28  __scatter_zi.o(!!handler_zi)
    _printf_f                                0x08000161   Thumb Code     0  _printf_f.o(.ARM.Collect$$_printf_percent$$00000003)
    _printf_percent                          0x08000161   Thumb Code     0  _printf_percent.o(.ARM.Collect$$_printf_percent$$00000000)
    _printf_percent_end                      0x08000167   Thumb Code     0  _printf_percent_end.o(.ARM.Collect$$_printf_percent$$00000017)
    __rt_lib_init                            0x0800016b   Thumb Code     0  libinit.o(.ARM.Collect$$libinit$$00000000)
    __rt_lib_init_fp_1                       0x0800016d   Thumb Code     0  libinit2.o(.ARM.Collect$$libinit$$00000002)
    __rt_lib_init_heap_1                     0x0800016d   Thumb Code     0  libinit2.o(.ARM.Collect$$libinit$$0000000A)
    __rt_lib_init_lc_common                  0x0800016d   Thumb Code     0  libinit2.o(.ARM.Collect$$libinit$$0000000F)
    __rt_lib_init_preinit_1                  0x0800016d   Thumb Code     0  libinit2.o(.ARM.Collect$$libinit$$00000004)
    __rt_lib_init_rand_1                     0x0800016d   Thumb Code     0  libinit2.o(.ARM.Collect$$libinit$$0000000E)
    __rt_lib_init_user_alloc_1               0x0800016d   Thumb Code     0  libinit2.o(.ARM.Collect$$libinit$$0000000C)
    __rt_lib_init_lc_collate_1               0x08000173   Thumb Code     0  libinit2.o(.ARM.Collect$$libinit$$00000011)
    __rt_lib_init_lc_ctype_1                 0x08000173   Thumb Code     0  libinit2.o(.ARM.Collect$$libinit$$00000013)
    __rt_lib_init_lc_monetary_1              0x08000173   Thumb Code     0  libinit2.o(.ARM.Collect$$libinit$$00000015)
    __rt_lib_init_lc_numeric_2               0x08000173   Thumb Code     0  libinit2.o(.ARM.Collect$$libinit$$00000016)
    __rt_lib_init_alloca_1                   0x0800017d   Thumb Code     0  libinit2.o(.ARM.Collect$$libinit$$0000002E)
    __rt_lib_init_argv_1                     0x0800017d   Thumb Code     0  libinit2.o(.ARM.Collect$$libinit$$0000002C)
    __rt_lib_init_atexit_1                   0x0800017d   Thumb Code     0  libinit2.o(.ARM.Collect$$libinit$$0000001B)
    __rt_lib_init_clock_1                    0x0800017d   Thumb Code     0  libinit2.o(.ARM.Collect$$libinit$$00000021)
    __rt_lib_init_cpp_1                      0x0800017d   Thumb Code     0  libinit2.o(.ARM.Collect$$libinit$$00000032)
    __rt_lib_init_exceptions_1               0x0800017d   Thumb Code     0  libinit2.o(.ARM.Collect$$libinit$$00000030)
    __rt_lib_init_fp_trap_1                  0x0800017d   Thumb Code     0  libinit2.o(.ARM.Collect$$libinit$$0000001F)
    __rt_lib_init_getenv_1                   0x0800017d   Thumb Code     0  libinit2.o(.ARM.Collect$$libinit$$00000023)
    __rt_lib_init_lc_numeric_1               0x0800017d   Thumb Code     0  libinit2.o(.ARM.Collect$$libinit$$00000017)
    __rt_lib_init_lc_time_1                  0x0800017d   Thumb Code     0  libinit2.o(.ARM.Collect$$libinit$$00000019)
    __rt_lib_init_return                     0x0800017d   Thumb Code     0  libinit2.o(.ARM.Collect$$libinit$$00000033)
    __rt_lib_init_signal_1                   0x0800017d   Thumb Code     0  libinit2.o(.ARM.Collect$$libinit$$0000001D)
    __rt_lib_init_stdio_1                    0x0800017d   Thumb Code     0  libinit2.o(.ARM.Collect$$libinit$$00000025)
    __rt_lib_shutdown                        0x0800017f   Thumb Code     0  libshutdown.o(.ARM.Collect$$libshutdown$$00000000)
    __rt_lib_shutdown_fp_trap_1              0x08000181   Thumb Code     0  libshutdown2.o(.ARM.Collect$$libshutdown$$00000006)
    __rt_lib_shutdown_heap_1                 0x08000181   Thumb Code     0  libshutdown2.o(.ARM.Collect$$libshutdown$$0000000E)
    __rt_lib_shutdown_return                 0x08000181   Thumb Code     0  libshutdown2.o(.ARM.Collect$$libshutdown$$0000000F)
    __rt_lib_shutdown_signal_1               0x08000181   Thumb Code     0  libshutdown2.o(.ARM.Collect$$libshutdown$$00000009)
    __rt_lib_shutdown_stdio_1                0x08000181   Thumb Code     0  libshutdown2.o(.ARM.Collect$$libshutdown$$00000003)
    __rt_lib_shutdown_user_alloc_1           0x08000181   Thumb Code     0  libshutdown2.o(.ARM.Collect$$libshutdown$$0000000B)
    __rt_entry                               0x08000183   Thumb Code     0  __rtentry.o(.ARM.Collect$$rtentry$$00000000)
    __rt_entry_presh_1                       0x08000183   Thumb Code     0  __rtentry2.o(.ARM.Collect$$rtentry$$00000002)
    __rt_entry_sh                            0x08000183   Thumb Code     0  __rtentry4.o(.ARM.Collect$$rtentry$$00000004)
    __rt_entry_li                            0x08000189   Thumb Code     0  __rtentry2.o(.ARM.Collect$$rtentry$$0000000A)
    __rt_entry_postsh_1                      0x08000189   Thumb Code     0  __rtentry2.o(.ARM.Collect$$rtentry$$00000009)
    __rt_entry_main                          0x0800018d   Thumb Code     0  __rtentry2.o(.ARM.Collect$$rtentry$$0000000D)
    __rt_entry_postli_1                      0x0800018d   Thumb Code     0  __rtentry2.o(.ARM.Collect$$rtentry$$0000000C)
    __rt_exit                                0x08000195   Thumb Code     0  rtexit.o(.ARM.Collect$$rtexit$$00000000)
    __rt_exit_ls                             0x08000197   Thumb Code     0  rtexit2.o(.ARM.Collect$$rtexit$$00000003)
    __rt_exit_prels_1                        0x08000197   Thumb Code     0  rtexit2.o(.ARM.Collect$$rtexit$$00000002)
    __rt_exit_exit                           0x0800019b   Thumb Code     0  rtexit2.o(.ARM.Collect$$rtexit$$00000004)
    Reset_Handler                            0x080001a1   Thumb Code     8  startup_stm32f10x_md.o(.text)
    ADC1_2_IRQHandler                        0x080001bb   Thumb Code     0  startup_stm32f10x_md.o(.text)
    CAN1_RX1_IRQHandler                      0x080001bb   Thumb Code     0  startup_stm32f10x_md.o(.text)
    CAN1_SCE_IRQHandler                      0x080001bb   Thumb Code     0  startup_stm32f10x_md.o(.text)
    DMA1_Channel1_IRQHandler                 0x080001bb   Thumb Code     0  startup_stm32f10x_md.o(.text)
    DMA1_Channel2_IRQHandler                 0x080001bb   Thumb Code     0  startup_stm32f10x_md.o(.text)
    DMA1_Channel3_IRQHandler                 0x080001bb   Thumb Code     0  startup_stm32f10x_md.o(.text)
    DMA1_Channel4_IRQHandler                 0x080001bb   Thumb Code     0  startup_stm32f10x_md.o(.text)
    DMA1_Channel5_IRQHandler                 0x080001bb   Thumb Code     0  startup_stm32f10x_md.o(.text)
    DMA1_Channel6_IRQHandler                 0x080001bb   Thumb Code     0  startup_stm32f10x_md.o(.text)
    DMA1_Channel7_IRQHandler                 0x080001bb   Thumb Code     0  startup_stm32f10x_md.o(.text)
    EXTI0_IRQHandler                         0x080001bb   Thumb Code     0  startup_stm32f10x_md.o(.text)
    EXTI15_10_IRQHandler                     0x080001bb   Thumb Code     0  startup_stm32f10x_md.o(.text)
    EXTI1_IRQHandler                         0x080001bb   Thumb Code     0  startup_stm32f10x_md.o(.text)
    EXTI2_IRQHandler                         0x080001bb   Thumb Code     0  startup_stm32f10x_md.o(.text)
    EXTI3_IRQHandler                         0x080001bb   Thumb Code     0  startup_stm32f10x_md.o(.text)
    EXTI4_IRQHandler                         0x080001bb   Thumb Code     0  startup_stm32f10x_md.o(.text)
    EXTI9_5_IRQHandler                       0x080001bb   Thumb Code     0  startup_stm32f10x_md.o(.text)
    FLASH_IRQHandler                         0x080001bb   Thumb Code     0  startup_stm32f10x_md.o(.text)
    I2C1_ER_IRQHandler                       0x080001bb   Thumb Code     0  startup_stm32f10x_md.o(.text)
    I2C1_EV_IRQHandler                       0x080001bb   Thumb Code     0  startup_stm32f10x_md.o(.text)
    I2C2_ER_IRQHandler                       0x080001bb   Thumb Code     0  startup_stm32f10x_md.o(.text)
    I2C2_EV_IRQHandler                       0x080001bb   Thumb Code     0  startup_stm32f10x_md.o(.text)
    PVD_IRQHandler                           0x080001bb   Thumb Code     0  startup_stm32f10x_md.o(.text)
    RCC_IRQHandler                           0x080001bb   Thumb Code     0  startup_stm32f10x_md.o(.text)
    RTCAlarm_IRQHandler                      0x080001bb   Thumb Code     0  startup_stm32f10x_md.o(.text)
    RTC_IRQHandler                           0x080001bb   Thumb Code     0  startup_stm32f10x_md.o(.text)
    SPI1_IRQHandler                          0x080001bb   Thumb Code     0  startup_stm32f10x_md.o(.text)
    SPI2_IRQHandler                          0x080001bb   Thumb Code     0  startup_stm32f10x_md.o(.text)
    TAMPER_IRQHandler                        0x080001bb   Thumb Code     0  startup_stm32f10x_md.o(.text)
    TIM1_BRK_IRQHandler                      0x080001bb   Thumb Code     0  startup_stm32f10x_md.o(.text)
    TIM1_CC_IRQHandler                       0x080001bb   Thumb Code     0  startup_stm32f10x_md.o(.text)
    TIM1_TRG_COM_IRQHandler                  0x080001bb   Thumb Code     0  startup_stm32f10x_md.o(.text)
    TIM4_IRQHandler                          0x080001bb   Thumb Code     0  startup_stm32f10x_md.o(.text)
    USART2_IRQHandler                        0x080001bb   Thumb Code     0  startup_stm32f10x_md.o(.text)
    USART3_IRQHandler                        0x080001bb   Thumb Code     0  startup_stm32f10x_md.o(.text)
    USBWakeUp_IRQHandler                     0x080001bb   Thumb Code     0  startup_stm32f10x_md.o(.text)
    USB_HP_CAN1_TX_IRQHandler                0x080001bb   Thumb Code     0  startup_stm32f10x_md.o(.text)
    USB_LP_CAN1_RX0_IRQHandler               0x080001bb   Thumb Code     0  startup_stm32f10x_md.o(.text)
    WWDG_IRQHandler                          0x080001bb   Thumb Code     0  startup_stm32f10x_md.o(.text)
    __user_initial_stackheap                 0x080001bd   Thumb Code     0  startup_stm32f10x_md.o(.text)
    __use_no_semihosting                     0x080001e1   Thumb Code     2  use_no_semi_2.o(.text)
    __2printf                                0x080001e5   Thumb Code    20  noretval__2printf.o(.text)
    __printf                                 0x080001fd   Thumb Code   104  __printf.o(.text)
    __aeabi_memclr4                          0x08000265   Thumb Code     0  rt_memclr_w.o(.text)
    __aeabi_memclr8                          0x08000265   Thumb Code     0  rt_memclr_w.o(.text)
    __rt_memclr_w                            0x08000265   Thumb Code    78  rt_memclr_w.o(.text)
    _memset_w                                0x08000269   Thumb Code     0  rt_memclr_w.o(.text)
    __use_two_region_memory                  0x080002b3   Thumb Code     2  heapauxi.o(.text)
    __rt_heap_escrow$2region                 0x080002b5   Thumb Code     2  heapauxi.o(.text)
    __rt_heap_expand$2region                 0x080002b7   Thumb Code     2  heapauxi.o(.text)
    __I$use$semihosting                      0x080002b9   Thumb Code     0  use_no_semi.o(.text)
    __use_no_semihosting_swi                 0x080002b9   Thumb Code     2  use_no_semi.o(.text)
    __lib_sel_fp_printf                      0x080002bb   Thumb Code     2  _printf_fp_dec.o(.text)
    _printf_fp_dec_real                      0x08000469   Thumb Code   620  _printf_fp_dec.o(.text)
    _printf_char_file                        0x080006d5   Thumb Code    32  _printf_char_file.o(.text)
    __rt_locale                              0x080006f9   Thumb Code     8  rt_locale_intlibspace.o(.text)
    _ll_udiv10                               0x08000701   Thumb Code   138  lludiv10.o(.text)
    _printf_char_common                      0x08000797   Thumb Code    32  _printf_char_common.o(.text)
    _printf_fp_infnan                        0x080007bd   Thumb Code   112  _printf_fp_infnan.o(.text)
    _btod_etento                             0x0800083d   Thumb Code   216  bigflt0.o(.text)
    ferror                                   0x08000919   Thumb Code     8  ferror.o(.text)
    __user_libspace                          0x08000921   Thumb Code     8  libspace.o(.text)
    __user_perproc_libspace                  0x08000921   Thumb Code     0  libspace.o(.text)
    __user_perthread_libspace                0x08000921   Thumb Code     0  libspace.o(.text)
    __user_setup_stackheap                   0x08000929   Thumb Code    74  sys_stackheap_outer.o(.text)
    exit                                     0x08000973   Thumb Code    12  exit.o(.text)
    strcmp                                   0x08000981   Thumb Code   128  strcmpv7m.o(.text)
    _btod_d2e                                0x08000a01   Thumb Code    62  btod.o(CL$$btod_d2e)
    _d2e_denorm_low                          0x08000a3f   Thumb Code    70  btod.o(CL$$btod_d2e_denorm_low)
    _d2e_norm_op1                            0x08000a85   Thumb Code    96  btod.o(CL$$btod_d2e_norm_op1)
    __btod_div_common                        0x08000ae5   Thumb Code   696  btod.o(CL$$btod_div_common)
    _e2e                                     0x08000e1d   Thumb Code   198  btod.o(CL$$btod_e2e)
    _btod_ediv                               0x08000ee3   Thumb Code    40  btod.o(CL$$btod_ediv)
    _btod_emul                               0x08000f0b   Thumb Code    40  btod.o(CL$$btod_emul)
    __btod_mult_common                       0x08000f33   Thumb Code   580  btod.o(CL$$btod_mult_common)
    ADC_Cmd                                  0x08001177   Thumb Code    22  stm32f10x_adc.o(i.ADC_Cmd)
    ADC_DeInit                               0x0800118d   Thumb Code    78  stm32f10x_adc.o(i.ADC_DeInit)
    ADC_GetCalibrationStatus                 0x080011e9   Thumb Code    20  stm32f10x_adc.o(i.ADC_GetCalibrationStatus)
    ADC_GetConversionValue                   0x080011fd   Thumb Code     8  stm32f10x_adc.o(i.ADC_GetConversionValue)
    ADC_GetFlagStatus                        0x08001205   Thumb Code    18  stm32f10x_adc.o(i.ADC_GetFlagStatus)
    ADC_GetResetCalibrationStatus            0x08001217   Thumb Code    20  stm32f10x_adc.o(i.ADC_GetResetCalibrationStatus)
    ADC_Init                                 0x0800122d   Thumb Code    70  stm32f10x_adc.o(i.ADC_Init)
    ADC_RegularChannelConfig                 0x0800127d   Thumb Code   184  stm32f10x_adc.o(i.ADC_RegularChannelConfig)
    ADC_ResetCalibration                     0x08001335   Thumb Code    10  stm32f10x_adc.o(i.ADC_ResetCalibration)
    ADC_SoftwareStartConvCmd                 0x0800133f   Thumb Code    22  stm32f10x_adc.o(i.ADC_SoftwareStartConvCmd)
    ADC_StartCalibration                     0x08001355   Thumb Code    10  stm32f10x_adc.o(i.ADC_StartCalibration)
    Adc_Init                                 0x08001361   Thumb Code   198  adc.o(i.Adc_Init)
    BusFault_Handler                         0x08001431   Thumb Code     4  stm32f10x_it.o(i.BusFault_Handler)
    DebugMon_Handler                         0x08001435   Thumb Code     2  stm32f10x_it.o(i.DebugMon_Handler)
    GPIO_Init                                0x08001437   Thumb Code   278  stm32f10x_gpio.o(i.GPIO_Init)
    GPIO_ResetBits                           0x0800154d   Thumb Code     4  stm32f10x_gpio.o(i.GPIO_ResetBits)
    GPIO_SetBits                             0x08001551   Thumb Code     4  stm32f10x_gpio.o(i.GPIO_SetBits)
    Get_Adc                                  0x08001555   Thumb Code    46  adc.o(i.Get_Adc)
    Get_Adc_Average                          0x08001589   Thumb Code    46  adc.o(i.Get_Adc_Average)
    HardFault_Handler                        0x080015b7   Thumb Code     4  stm32f10x_it.o(i.HardFault_Handler)
    MemManage_Handler                        0x080015bb   Thumb Code     4  stm32f10x_it.o(i.MemManage_Handler)
    NMI_Handler                              0x080015bf   Thumb Code     2  stm32f10x_it.o(i.NMI_Handler)
    NVIC_Init                                0x080015c1   Thumb Code   100  misc.o(i.NVIC_Init)
    NVIC_PriorityGroupConfig                 0x08001631   Thumb Code    10  misc.o(i.NVIC_PriorityGroupConfig)
    OLED_Clear1                              0x08001645   Thumb Code    64  oled.o(i.OLED_Clear1)
    OLED_DLY_ms                              0x08001685   Thumb Code    24  oled.o(i.OLED_DLY_ms)
    OLED_Fill                                0x0800169d   Thumb Code    58  oled.o(i.OLED_Fill)
    OLED_Init                                0x080016d9   Thumb Code   276  oled.o(i.OLED_Init)
    OLED_Set_Pos1                            0x080017f1   Thumb Code    46  oled.o(i.OLED_Set_Pos1)
    OLED_ShowChar1                           0x08001821   Thumb Code   102  oled.o(i.OLED_ShowChar1)
    OLED_ShowString1                         0x0800188d   Thumb Code    54  oled.o(i.OLED_ShowString1)
    OLED_WR_Byte                             0x080018c5   Thumb Code    98  oled.o(i.OLED_WR_Byte)
    OLED_WR_Byte1                            0x0800192d   Thumb Code    88  oled.o(i.OLED_WR_Byte1)
    OLED_WrCmd                               0x08001989   Thumb Code    84  oled.o(i.OLED_WrCmd)
    OLED_WrDat                               0x080019e1   Thumb Code    86  oled.o(i.OLED_WrDat)
    PID_Calc                                 0x08001a3d   Thumb Code   240  pid.o(i.PID_Calc)
    PID_Parameter_Init                       0x08001b4d   Thumb Code    38  pid.o(i.PID_Parameter_Init)
    PendSV_Handler                           0x08001b73   Thumb Code     2  stm32f10x_it.o(i.PendSV_Handler)
    RCC_ADCCLKConfig                         0x08001b75   Thumb Code    18  stm32f10x_rcc.o(i.RCC_ADCCLKConfig)
    RCC_APB1PeriphClockCmd                   0x08001b8d   Thumb Code    26  stm32f10x_rcc.o(i.RCC_APB1PeriphClockCmd)
    RCC_APB2PeriphClockCmd                   0x08001bad   Thumb Code    26  stm32f10x_rcc.o(i.RCC_APB2PeriphClockCmd)
    RCC_APB2PeriphResetCmd                   0x08001bcd   Thumb Code    26  stm32f10x_rcc.o(i.RCC_APB2PeriphResetCmd)
    RCC_GetClocksFreq                        0x08001bed   Thumb Code   192  stm32f10x_rcc.o(i.RCC_GetClocksFreq)
    SVC_Handler                              0x08001cc1   Thumb Code     2  stm32f10x_it.o(i.SVC_Handler)
    SysTick_CLKSourceConfig                  0x08001dad   Thumb Code    40  misc.o(i.SysTick_CLKSourceConfig)
    SysTick_Handler                          0x08001dd5   Thumb Code     2  stm32f10x_it.o(i.SysTick_Handler)
    SystemInit                               0x08001dd9   Thumb Code    78  system_stm32f10x.o(i.SystemInit)
    TIM1_UP_IRQHandler                       0x08002079   Thumb Code   182  spwm.o(i.TIM1_UP_IRQHandler)
    TIM2_Cap_Init                            0x08002149   Thumb Code   170  spwm.o(i.TIM2_Cap_Init)
    TIM2_IRQHandler                          0x080021f9   Thumb Code    60  spwm.o(i.TIM2_IRQHandler)
    TIM2_Int_Init                            0x08002245   Thumb Code    90  spwm.o(i.TIM2_Int_Init)
    TIM3_IRQHandler                          0x080022a1   Thumb Code   182  spwm.o(i.TIM3_IRQHandler)
    TIM3_PWM_Init                            0x08002371   Thumb Code   254  spwm.o(i.TIM3_PWM_Init)
    TIM_ClearITPendingBit                    0x0800247d   Thumb Code     6  stm32f10x_tim.o(i.TIM_ClearITPendingBit)
    TIM_Cmd                                  0x08002483   Thumb Code    24  stm32f10x_tim.o(i.TIM_Cmd)
    TIM_GetITStatus                          0x0800249b   Thumb Code    34  stm32f10x_tim.o(i.TIM_GetITStatus)
    TIM_ICInit                               0x080024bd   Thumb Code   150  stm32f10x_tim.o(i.TIM_ICInit)
    TIM_ITConfig                             0x08002569   Thumb Code    18  stm32f10x_tim.o(i.TIM_ITConfig)
    TIM_OC2Init                              0x0800257d   Thumb Code   154  stm32f10x_tim.o(i.TIM_OC2Init)
    TIM_OC2PreloadConfig                     0x08002621   Thumb Code    26  stm32f10x_tim.o(i.TIM_OC2PreloadConfig)
    TIM_OC3Init                              0x0800263d   Thumb Code   150  stm32f10x_tim.o(i.TIM_OC3Init)
    TIM_OC3PreloadConfig                     0x080026dd   Thumb Code    18  stm32f10x_tim.o(i.TIM_OC3PreloadConfig)
    TIM_OC4Init                              0x080026f1   Thumb Code   114  stm32f10x_tim.o(i.TIM_OC4Init)
    TIM_OC4PreloadConfig                     0x0800276d   Thumb Code    26  stm32f10x_tim.o(i.TIM_OC4PreloadConfig)
    TIM_SetCompare1                          0x08002787   Thumb Code     4  stm32f10x_tim.o(i.TIM_SetCompare1)
    TIM_SetCompare2                          0x0800278b   Thumb Code     4  stm32f10x_tim.o(i.TIM_SetCompare2)
    TIM_SetCompare3                          0x0800278f   Thumb Code     4  stm32f10x_tim.o(i.TIM_SetCompare3)
    TIM_SetCompare4                          0x08002793   Thumb Code     6  stm32f10x_tim.o(i.TIM_SetCompare4)
    TIM_SetIC1Prescaler                      0x08002799   Thumb Code    18  stm32f10x_tim.o(i.TIM_SetIC1Prescaler)
    TIM_SetIC2Prescaler                      0x080027ab   Thumb Code    26  stm32f10x_tim.o(i.TIM_SetIC2Prescaler)
    TIM_SetIC3Prescaler                      0x080027c5   Thumb Code    18  stm32f10x_tim.o(i.TIM_SetIC3Prescaler)
    TIM_SetIC4Prescaler                      0x080027d7   Thumb Code    26  stm32f10x_tim.o(i.TIM_SetIC4Prescaler)
    TIM_TimeBaseInit                         0x080027f1   Thumb Code   122  stm32f10x_tim.o(i.TIM_TimeBaseInit)
    USART1_IRQHandler                        0x08002895   Thumb Code   122  usart.o(i.USART1_IRQHandler)
    USART_Cmd                                0x0800291d   Thumb Code    24  stm32f10x_usart.o(i.USART_Cmd)
    USART_GetITStatus                        0x08002935   Thumb Code    84  stm32f10x_usart.o(i.USART_GetITStatus)
    USART_ITConfig                           0x08002989   Thumb Code    74  stm32f10x_usart.o(i.USART_ITConfig)
    USART_Init                               0x080029d5   Thumb Code   210  stm32f10x_usart.o(i.USART_Init)
    USART_ReceiveData                        0x08002aad   Thumb Code    10  stm32f10x_usart.o(i.USART_ReceiveData)
    UsageFault_Handler                       0x08002ab7   Thumb Code     4  stm32f10x_it.o(i.UsageFault_Handler)
    __ARM_fpclassify                         0x08002abb   Thumb Code    40  fpclassify.o(i.__ARM_fpclassify)
    _sys_exit                                0x08002ae3   Thumb Code     6  usart.o(i._sys_exit)
    delay_init                               0x08002ae9   Thumb Code    50  delay.o(i.delay_init)
    delay_ms                                 0x08002b2d   Thumb Code    72  delay.o(i.delay_ms)
    fputc                                    0x08002b79   Thumb Code    24  usart.o(i.fputc)
    main                                     0x08002b95   Thumb Code   252  main.o(i.main)
    uart_init                                0x08002cd9   Thumb Code   154  usart.o(i.uart_init)
    _get_lc_numeric                          0x08002d7d   Thumb Code    44  lc_numeric_c.o(locale$$code)
    __aeabi_d2f                              0x08002da9   Thumb Code     0  d2f.o(x$fpl$d2f)
    _d2f                                     0x08002da9   Thumb Code    98  d2f.o(x$fpl$d2f)
    __fpl_dcmp_Inf                           0x08002e0b   Thumb Code    24  dcmpi.o(x$fpl$dcmpinf)
    __aeabi_cdcmple                          0x08002e25   Thumb Code     0  dleqf.o(x$fpl$dleqf)
    _dcmple                                  0x08002e25   Thumb Code   120  dleqf.o(x$fpl$dleqf)
    __fpl_dcmple_InfNaN                      0x08002e87   Thumb Code     0  dleqf.o(x$fpl$dleqf)
    __aeabi_dmul                             0x08002e9d   Thumb Code     0  dmul.o(x$fpl$dmul)
    _dmul                                    0x08002e9d   Thumb Code   332  dmul.o(x$fpl$dmul)
    __fpl_dnaninf                            0x08002ff1   Thumb Code   156  dnaninf.o(x$fpl$dnaninf)
    __fpl_dretinf                            0x0800308d   Thumb Code    12  dretinf.o(x$fpl$dretinf)
    __aeabi_cdrcmple                         0x08003099   Thumb Code     0  drleqf.o(x$fpl$drleqf)
    _drcmple                                 0x08003099   Thumb Code   108  drleqf.o(x$fpl$drleqf)
    __aeabi_f2d                              0x08003105   Thumb Code     0  f2d.o(x$fpl$f2d)
    _f2d                                     0x08003105   Thumb Code    86  f2d.o(x$fpl$f2d)
    __aeabi_fadd                             0x0800315d   Thumb Code     0  faddsub_clz.o(x$fpl$fadd)
    _fadd                                    0x0800315d   Thumb Code   196  faddsub_clz.o(x$fpl$fadd)
    __fpl_fcmp_Inf                           0x08003221   Thumb Code    24  fcmpi.o(x$fpl$fcmpinf)
    __aeabi_f2uiz                            0x08003239   Thumb Code     0  ffixu.o(x$fpl$ffixu)
    _ffixu                                   0x08003239   Thumb Code    62  ffixu.o(x$fpl$ffixu)
    __aeabi_ui2f                             0x08003279   Thumb Code     0  fflt_clz.o(x$fpl$ffltu)
    _ffltu                                   0x08003279   Thumb Code    38  fflt_clz.o(x$fpl$ffltu)
    __aeabi_cfcmple                          0x080032a1   Thumb Code     0  fleqf.o(x$fpl$fleqf)
    _fcmple                                  0x080032a1   Thumb Code   104  fleqf.o(x$fpl$fleqf)
    __fpl_fcmple_InfNaN                      0x080032f3   Thumb Code     0  fleqf.o(x$fpl$fleqf)
    __aeabi_fmul                             0x08003309   Thumb Code     0  fmul.o(x$fpl$fmul)
    _fmul                                    0x08003309   Thumb Code   258  fmul.o(x$fpl$fmul)
    __fpl_fnaninf                            0x0800340b   Thumb Code   140  fnaninf.o(x$fpl$fnaninf)
    __fpl_fretinf                            0x08003497   Thumb Code    10  fretinf.o(x$fpl$fretinf)
    __aeabi_cfrcmple                         0x080034a1   Thumb Code     0  frleqf.o(x$fpl$frleqf)
    _frcmple                                 0x080034a1   Thumb Code    98  frleqf.o(x$fpl$frleqf)
    __aeabi_frsub                            0x08003503   Thumb Code     0  faddsub_clz.o(x$fpl$frsb)
    _frsb                                    0x08003503   Thumb Code    20  faddsub_clz.o(x$fpl$frsb)
    __aeabi_fsub                             0x08003519   Thumb Code     0  faddsub_clz.o(x$fpl$fsub)
    _fsub                                    0x08003519   Thumb Code   234  faddsub_clz.o(x$fpl$fsub)
    _printf_fp_dec                           0x08003603   Thumb Code     4  printf1.o(x$fpl$printf1)
    F6x8                                     0x08003606   Data         552  oled.o(.constdata)
    __I$use$fp                               0x08003606   Number         0  usenofp.o(x$fpl$usenofp)
    F14x16_Idx                               0x0800382e   Data          17  oled.o(.constdata)
    F14x16                                   0x0800383f   Data         224  oled.o(.constdata)
    F8X16                                    0x0800391f   Data        1520  oled.o(.constdata)
    LOGO128x64                               0x08003f0f   Data        1024  oled.o(.constdata)
    Hzk                                      0x0800430f   Data         512  oled.o(.constdata)
    spwm_A                                   0x08004510   Data        1440  spwm.o(.constdata)
    spwm_B                                   0x08004ab0   Data        1440  spwm.o(.constdata)
    spwm_C                                   0x08005050   Data        1440  spwm.o(.constdata)
    Region$$Table$$Base                      0x08005684   Number         0  anon$$obj.o(Region$$Table)
    Region$$Table$$Limit                     0x080056a4   Number         0  anon$$obj.o(Region$$Table)
    SystemCoreClock                          0x20000000   Data           4  system_stm32f10x.o(.data)
    AHBPrescTable                            0x20000004   Data          16  system_stm32f10x.o(.data)
    __stdout                                 0x20000018   Data           4  usart.o(.data)
    USART_RX_STA                             0x2000001c   Data           2  usart.o(.data)
    Period_percent                           0x20000034   Data           4  spwm.o(.data)
    AD_Num                                   0x2000003a   Data           2  spwm.o(.data)
    AD_Sum                                   0x2000003c   Data           4  spwm.o(.data)
    AD_Result                                0x20000040   Data           4  spwm.o(.data)
    i                                        0x20000044   Data           4  spwm.o(.data)
    temp0                                    0x20000048   Data           4  spwm.o(.data)
    temp1                                    0x2000004c   Data           4  spwm.o(.data)
    temp2                                    0x20000050   Data           4  spwm.o(.data)
    temp3                                    0x20000054   Data           4  spwm.o(.data)
    pid_in                                   0x20000058   Data           4  pid.o(.data)
    pid_out                                  0x2000005c   Data           4  pid.o(.data)
    pid_in_1                                 0x20000060   Data           4  pid.o(.data)
    pid_out_1                                0x20000064   Data           4  pid.o(.data)
    pid_in_2                                 0x20000068   Data           4  pid.o(.data)
    pid_out_2                                0x2000006c   Data           4  pid.o(.data)
    Result                                   0x20000070   Data           4  pid.o(.data)
    LastResult                               0x20000074   Data           4  pid.o(.data)
    Result_1                                 0x20000078   Data           4  pid.o(.data)
    LastResult_1                             0x2000007c   Data           4  pid.o(.data)
    Result_2                                 0x20000080   Data           4  pid.o(.data)
    LastResult_2                             0x20000084   Data           4  pid.o(.data)
    USART_RX_BUF                             0x20000088   Data         200  usart.o(.bss)
    voltage                                  0x20000150   Data          24  pid.o(.bss)
    current                                  0x20000168   Data          24  pid.o(.bss)
    blance                                   0x20000180   Data          24  pid.o(.bss)
    __libspace_start                         0x20000198   Data          96  libspace.o(.bss)
    __temporary_stack_top$libspace           0x200001f8   Data           0  libspace.o(.bss)



==============================================================================

Memory Map of the image

  Image Entry point : 0x080001a1

  Load Region LR_1 (Base: 0x08000000, Size: 0x00005748, Max: 0xffffffff, ABSOLUTE)

    Execution Region ER_RO (Base: 0x08000000, Size: 0x000056c0, Max: 0xffffffff, ABSOLUTE)

    Base Addr    Size         Type   Attr      Idx    E Section Name        Object

    0x08000000   0x000000ec   Data   RO          369    RESET               startup_stm32f10x_md.o
    0x080000ec   0x00000008   Code   RO         3884  * !!!main             c_w.l(__main.o)
    0x080000f4   0x00000034   Code   RO         4161    !!!scatter          c_w.l(__scatter.o)
    0x08000128   0x0000001a   Code   RO         4163    !!handler_copy      c_w.l(__scatter_copy.o)
    0x08000142   0x00000002   PAD
    0x08000144   0x0000001c   Code   RO         4165    !!handler_zi        c_w.l(__scatter_zi.o)
    0x08000160   0x00000000   Code   RO         3879    .ARM.Collect$$_printf_percent$$00000000  c_w.l(_printf_percent.o)
    0x08000160   0x00000006   Code   RO         3878    .ARM.Collect$$_printf_percent$$00000003  c_w.l(_printf_f.o)
    0x08000166   0x00000004   Code   RO         3947    .ARM.Collect$$_printf_percent$$00000017  c_w.l(_printf_percent_end.o)
    0x0800016a   0x00000002   Code   RO         4039    .ARM.Collect$$libinit$$00000000  c_w.l(libinit.o)
    0x0800016c   0x00000000   Code   RO         4041    .ARM.Collect$$libinit$$00000002  c_w.l(libinit2.o)
    0x0800016c   0x00000000   Code   RO         4043    .ARM.Collect$$libinit$$00000004  c_w.l(libinit2.o)
    0x0800016c   0x00000000   Code   RO         4046    .ARM.Collect$$libinit$$0000000A  c_w.l(libinit2.o)
    0x0800016c   0x00000000   Code   RO         4048    .ARM.Collect$$libinit$$0000000C  c_w.l(libinit2.o)
    0x0800016c   0x00000000   Code   RO         4050    .ARM.Collect$$libinit$$0000000E  c_w.l(libinit2.o)
    0x0800016c   0x00000006   Code   RO         4051    .ARM.Collect$$libinit$$0000000F  c_w.l(libinit2.o)
    0x08000172   0x00000000   Code   RO         4053    .ARM.Collect$$libinit$$00000011  c_w.l(libinit2.o)
    0x08000172   0x00000000   Code   RO         4055    .ARM.Collect$$libinit$$00000013  c_w.l(libinit2.o)
    0x08000172   0x00000000   Code   RO         4057    .ARM.Collect$$libinit$$00000015  c_w.l(libinit2.o)
    0x08000172   0x0000000a   Code   RO         4058    .ARM.Collect$$libinit$$00000016  c_w.l(libinit2.o)
    0x0800017c   0x00000000   Code   RO         4059    .ARM.Collect$$libinit$$00000017  c_w.l(libinit2.o)
    0x0800017c   0x00000000   Code   RO         4061    .ARM.Collect$$libinit$$00000019  c_w.l(libinit2.o)
    0x0800017c   0x00000000   Code   RO         4063    .ARM.Collect$$libinit$$0000001B  c_w.l(libinit2.o)
    0x0800017c   0x00000000   Code   RO         4065    .ARM.Collect$$libinit$$0000001D  c_w.l(libinit2.o)
    0x0800017c   0x00000000   Code   RO         4067    .ARM.Collect$$libinit$$0000001F  c_w.l(libinit2.o)
    0x0800017c   0x00000000   Code   RO         4069    .ARM.Collect$$libinit$$00000021  c_w.l(libinit2.o)
    0x0800017c   0x00000000   Code   RO         4071    .ARM.Collect$$libinit$$00000023  c_w.l(libinit2.o)
    0x0800017c   0x00000000   Code   RO         4073    .ARM.Collect$$libinit$$00000025  c_w.l(libinit2.o)
    0x0800017c   0x00000000   Code   RO         4077    .ARM.Collect$$libinit$$0000002C  c_w.l(libinit2.o)
    0x0800017c   0x00000000   Code   RO         4079    .ARM.Collect$$libinit$$0000002E  c_w.l(libinit2.o)
    0x0800017c   0x00000000   Code   RO         4081    .ARM.Collect$$libinit$$00000030  c_w.l(libinit2.o)
    0x0800017c   0x00000000   Code   RO         4083    .ARM.Collect$$libinit$$00000032  c_w.l(libinit2.o)
    0x0800017c   0x00000002   Code   RO         4084    .ARM.Collect$$libinit$$00000033  c_w.l(libinit2.o)
    0x0800017e   0x00000002   Code   RO         4112    .ARM.Collect$$libshutdown$$00000000  c_w.l(libshutdown.o)
    0x08000180   0x00000000   Code   RO         4122    .ARM.Collect$$libshutdown$$00000003  c_w.l(libshutdown2.o)
    0x08000180   0x00000000   Code   RO         4125    .ARM.Collect$$libshutdown$$00000006  c_w.l(libshutdown2.o)
    0x08000180   0x00000000   Code   RO         4128    .ARM.Collect$$libshutdown$$00000009  c_w.l(libshutdown2.o)
    0x08000180   0x00000000   Code   RO         4130    .ARM.Collect$$libshutdown$$0000000B  c_w.l(libshutdown2.o)
    0x08000180   0x00000000   Code   RO         4133    .ARM.Collect$$libshutdown$$0000000E  c_w.l(libshutdown2.o)
    0x08000180   0x00000002   Code   RO         4134    .ARM.Collect$$libshutdown$$0000000F  c_w.l(libshutdown2.o)
    0x08000182   0x00000000   Code   RO         3942    .ARM.Collect$$rtentry$$00000000  c_w.l(__rtentry.o)
    0x08000182   0x00000000   Code   RO         3962    .ARM.Collect$$rtentry$$00000002  c_w.l(__rtentry2.o)
    0x08000182   0x00000006   Code   RO         3974    .ARM.Collect$$rtentry$$00000004  c_w.l(__rtentry4.o)
    0x08000188   0x00000000   Code   RO         3964    .ARM.Collect$$rtentry$$00000009  c_w.l(__rtentry2.o)
    0x08000188   0x00000004   Code   RO         3965    .ARM.Collect$$rtentry$$0000000A  c_w.l(__rtentry2.o)
    0x0800018c   0x00000000   Code   RO         3967    .ARM.Collect$$rtentry$$0000000C  c_w.l(__rtentry2.o)
    0x0800018c   0x00000008   Code   RO         3968    .ARM.Collect$$rtentry$$0000000D  c_w.l(__rtentry2.o)
    0x08000194   0x00000002   Code   RO         4085    .ARM.Collect$$rtexit$$00000000  c_w.l(rtexit.o)
    0x08000196   0x00000000   Code   RO         4092    .ARM.Collect$$rtexit$$00000002  c_w.l(rtexit2.o)
    0x08000196   0x00000004   Code   RO         4093    .ARM.Collect$$rtexit$$00000003  c_w.l(rtexit2.o)
    0x0800019a   0x00000006   Code   RO         4094    .ARM.Collect$$rtexit$$00000004  c_w.l(rtexit2.o)
    0x080001a0   0x00000040   Code   RO          370  * .text               startup_stm32f10x_md.o
    0x080001e0   0x00000002   Code   RO         3850    .text               c_w.l(use_no_semi_2.o)
    0x080001e2   0x00000002   PAD
    0x080001e4   0x00000018   Code   RO         3854    .text               c_w.l(noretval__2printf.o)
    0x080001fc   0x00000068   Code   RO         3856    .text               c_w.l(__printf.o)
    0x08000264   0x0000004e   Code   RO         3880    .text               c_w.l(rt_memclr_w.o)
    0x080002b2   0x00000006   Code   RO         3882    .text               c_w.l(heapauxi.o)
    0x080002b8   0x00000002   Code   RO         3940    .text               c_w.l(use_no_semi.o)
    0x080002ba   0x0000041a   Code   RO         3943    .text               c_w.l(_printf_fp_dec.o)
    0x080006d4   0x00000024   Code   RO         3945    .text               c_w.l(_printf_char_file.o)
    0x080006f8   0x00000008   Code   RO         3979    .text               c_w.l(rt_locale_intlibspace.o)
    0x08000700   0x0000008a   Code   RO         3981    .text               c_w.l(lludiv10.o)
    0x0800078a   0x00000002   PAD
    0x0800078c   0x00000030   Code   RO         3983    .text               c_w.l(_printf_char_common.o)
    0x080007bc   0x00000080   Code   RO         3985    .text               c_w.l(_printf_fp_infnan.o)
    0x0800083c   0x000000dc   Code   RO         3987    .text               c_w.l(bigflt0.o)
    0x08000918   0x00000008   Code   RO         4012    .text               c_w.l(ferror.o)
    0x08000920   0x00000008   Code   RO         4023    .text               c_w.l(libspace.o)
    0x08000928   0x0000004a   Code   RO         4026    .text               c_w.l(sys_stackheap_outer.o)
    0x08000972   0x0000000c   Code   RO         4030    .text               c_w.l(exit.o)
    0x0800097e   0x00000002   PAD
    0x08000980   0x00000080   Code   RO         4032    .text               c_w.l(strcmpv7m.o)
    0x08000a00   0x0000003e   Code   RO         3990    CL$$btod_d2e        c_w.l(btod.o)
    0x08000a3e   0x00000046   Code   RO         3992    CL$$btod_d2e_denorm_low  c_w.l(btod.o)
    0x08000a84   0x00000060   Code   RO         3991    CL$$btod_d2e_norm_op1  c_w.l(btod.o)
    0x08000ae4   0x00000338   Code   RO         4000    CL$$btod_div_common  c_w.l(btod.o)
    0x08000e1c   0x000000c6   Code   RO         3997    CL$$btod_e2e        c_w.l(btod.o)
    0x08000ee2   0x00000028   Code   RO         3994    CL$$btod_ediv       c_w.l(btod.o)
    0x08000f0a   0x00000028   Code   RO         3993    CL$$btod_emul       c_w.l(btod.o)
    0x08000f32   0x00000244   Code   RO         3999    CL$$btod_mult_common  c_w.l(btod.o)
    0x08001176   0x00000016   Code   RO          416    i.ADC_Cmd           stm32f10x_adc.o
    0x0800118c   0x0000005c   Code   RO          418    i.ADC_DeInit        stm32f10x_adc.o
    0x080011e8   0x00000014   Code   RO          424    i.ADC_GetCalibrationStatus  stm32f10x_adc.o
    0x080011fc   0x00000008   Code   RO          425    i.ADC_GetConversionValue  stm32f10x_adc.o
    0x08001204   0x00000012   Code   RO          427    i.ADC_GetFlagStatus  stm32f10x_adc.o
    0x08001216   0x00000014   Code   RO          430    i.ADC_GetResetCalibrationStatus  stm32f10x_adc.o
    0x0800122a   0x00000002   PAD
    0x0800122c   0x00000050   Code   RO          434    i.ADC_Init          stm32f10x_adc.o
    0x0800127c   0x000000b8   Code   RO          438    i.ADC_RegularChannelConfig  stm32f10x_adc.o
    0x08001334   0x0000000a   Code   RO          439    i.ADC_ResetCalibration  stm32f10x_adc.o
    0x0800133e   0x00000016   Code   RO          441    i.ADC_SoftwareStartConvCmd  stm32f10x_adc.o
    0x08001354   0x0000000a   Code   RO          443    i.ADC_StartCalibration  stm32f10x_adc.o
    0x0800135e   0x00000002   PAD
    0x08001360   0x000000d0   Code   RO         3705    i.Adc_Init          adc.o
    0x08001430   0x00000004   Code   RO          138    i.BusFault_Handler  stm32f10x_it.o
    0x08001434   0x00000002   Code   RO          139    i.DebugMon_Handler  stm32f10x_it.o
    0x08001436   0x00000116   Code   RO         1525    i.GPIO_Init         stm32f10x_gpio.o
    0x0800154c   0x00000004   Code   RO         1532    i.GPIO_ResetBits    stm32f10x_gpio.o
    0x08001550   0x00000004   Code   RO         1533    i.GPIO_SetBits      stm32f10x_gpio.o
    0x08001554   0x00000034   Code   RO         3706    i.Get_Adc           adc.o
    0x08001588   0x0000002e   Code   RO         3707    i.Get_Adc_Average   adc.o
    0x080015b6   0x00000004   Code   RO          140    i.HardFault_Handler  stm32f10x_it.o
    0x080015ba   0x00000004   Code   RO          141    i.MemManage_Handler  stm32f10x_it.o
    0x080015be   0x00000002   Code   RO          142    i.NMI_Handler       stm32f10x_it.o
    0x080015c0   0x00000070   Code   RO          374    i.NVIC_Init         misc.o
    0x08001630   0x00000014   Code   RO          375    i.NVIC_PriorityGroupConfig  misc.o
    0x08001644   0x00000040   Code   RO         3351    i.OLED_Clear1       oled.o
    0x08001684   0x00000018   Code   RO         3352    i.OLED_DLY_ms       oled.o
    0x0800169c   0x0000003a   Code   RO         3353    i.OLED_Fill         oled.o
    0x080016d6   0x00000002   PAD
    0x080016d8   0x00000118   Code   RO         3355    i.OLED_Init         oled.o
    0x080017f0   0x0000002e   Code   RO         3367    i.OLED_Set_Pos1     oled.o
    0x0800181e   0x00000002   PAD
    0x08001820   0x0000006c   Code   RO         3369    i.OLED_ShowChar1    oled.o
    0x0800188c   0x00000036   Code   RO         3370    i.OLED_ShowString1  oled.o
    0x080018c2   0x00000002   PAD
    0x080018c4   0x00000068   Code   RO         3371    i.OLED_WR_Byte      oled.o
    0x0800192c   0x0000005c   Code   RO         3372    i.OLED_WR_Byte1     oled.o
    0x08001988   0x00000058   Code   RO         3373    i.OLED_WrCmd        oled.o
    0x080019e0   0x0000005c   Code   RO         3374    i.OLED_WrDat        oled.o
    0x08001a3c   0x00000110   Code   RO         3792    i.PID_Calc          pid.o
    0x08001b4c   0x00000026   Code   RO         3795    i.PID_Parameter_Init  pid.o
    0x08001b72   0x00000002   Code   RO          143    i.PendSV_Handler    stm32f10x_it.o
    0x08001b74   0x00000018   Code   RO         1939    i.RCC_ADCCLKConfig  stm32f10x_rcc.o
    0x08001b8c   0x00000020   Code   RO         1941    i.RCC_APB1PeriphClockCmd  stm32f10x_rcc.o
    0x08001bac   0x00000020   Code   RO         1943    i.RCC_APB2PeriphClockCmd  stm32f10x_rcc.o
    0x08001bcc   0x00000020   Code   RO         1944    i.RCC_APB2PeriphResetCmd  stm32f10x_rcc.o
    0x08001bec   0x000000d4   Code   RO         1951    i.RCC_GetClocksFreq  stm32f10x_rcc.o
    0x08001cc0   0x00000002   Code   RO          144    i.SVC_Handler       stm32f10x_it.o
    0x08001cc2   0x00000008   Code   RO          201    i.SetSysClock       system_stm32f10x.o
    0x08001cca   0x00000002   PAD
    0x08001ccc   0x000000e0   Code   RO          202    i.SetSysClockTo72   system_stm32f10x.o
    0x08001dac   0x00000028   Code   RO          378    i.SysTick_CLKSourceConfig  misc.o
    0x08001dd4   0x00000002   Code   RO          145    i.SysTick_Handler   stm32f10x_it.o
    0x08001dd6   0x00000002   PAD
    0x08001dd8   0x00000060   Code   RO          204    i.SystemInit        system_stm32f10x.o
    0x08001e38   0x00000080   Code   RO         2559    i.TI1_Config        stm32f10x_tim.o
    0x08001eb8   0x00000098   Code   RO         2560    i.TI2_Config        stm32f10x_tim.o
    0x08001f50   0x00000090   Code   RO         2561    i.TI3_Config        stm32f10x_tim.o
    0x08001fe0   0x00000098   Code   RO         2562    i.TI4_Config        stm32f10x_tim.o
    0x08002078   0x000000d0   Code   RO         3735    i.TIM1_UP_IRQHandler  spwm.o
    0x08002148   0x000000b0   Code   RO         3736    i.TIM2_Cap_Init     spwm.o
    0x080021f8   0x0000004c   Code   RO         3737    i.TIM2_IRQHandler   spwm.o
    0x08002244   0x0000005a   Code   RO         3738    i.TIM2_Int_Init     spwm.o
    0x0800229e   0x00000002   PAD
    0x080022a0   0x000000d0   Code   RO         3739    i.TIM3_IRQHandler   spwm.o
    0x08002370   0x0000010c   Code   RO         3740    i.TIM3_PWM_Init     spwm.o
    0x0800247c   0x00000006   Code   RO         2570    i.TIM_ClearITPendingBit  stm32f10x_tim.o
    0x08002482   0x00000018   Code   RO         2575    i.TIM_Cmd           stm32f10x_tim.o
    0x0800249a   0x00000022   Code   RO         2596    i.TIM_GetITStatus   stm32f10x_tim.o
    0x080024bc   0x000000ac   Code   RO         2598    i.TIM_ICInit        stm32f10x_tim.o
    0x08002568   0x00000012   Code   RO         2600    i.TIM_ITConfig      stm32f10x_tim.o
    0x0800257a   0x00000002   PAD
    0x0800257c   0x000000a4   Code   RO         2609    i.TIM_OC2Init       stm32f10x_tim.o
    0x08002620   0x0000001a   Code   RO         2612    i.TIM_OC2PreloadConfig  stm32f10x_tim.o
    0x0800263a   0x00000002   PAD
    0x0800263c   0x000000a0   Code   RO         2614    i.TIM_OC3Init       stm32f10x_tim.o
    0x080026dc   0x00000012   Code   RO         2617    i.TIM_OC3PreloadConfig  stm32f10x_tim.o
    0x080026ee   0x00000002   PAD
    0x080026f0   0x0000007c   Code   RO         2619    i.TIM_OC4Init       stm32f10x_tim.o
    0x0800276c   0x0000001a   Code   RO         2621    i.TIM_OC4PreloadConfig  stm32f10x_tim.o
    0x08002786   0x00000004   Code   RO         2636    i.TIM_SetCompare1   stm32f10x_tim.o
    0x0800278a   0x00000004   Code   RO         2637    i.TIM_SetCompare2   stm32f10x_tim.o
    0x0800278e   0x00000004   Code   RO         2638    i.TIM_SetCompare3   stm32f10x_tim.o
    0x08002792   0x00000006   Code   RO         2639    i.TIM_SetCompare4   stm32f10x_tim.o
    0x08002798   0x00000012   Code   RO         2641    i.TIM_SetIC1Prescaler  stm32f10x_tim.o
    0x080027aa   0x0000001a   Code   RO         2642    i.TIM_SetIC2Prescaler  stm32f10x_tim.o
    0x080027c4   0x00000012   Code   RO         2643    i.TIM_SetIC3Prescaler  stm32f10x_tim.o
    0x080027d6   0x0000001a   Code   RO         2644    i.TIM_SetIC4Prescaler  stm32f10x_tim.o
    0x080027f0   0x000000a4   Code   RO         2646    i.TIM_TimeBaseInit  stm32f10x_tim.o
    0x08002894   0x00000088   Code   RO          316    i.USART1_IRQHandler  usart.o
    0x0800291c   0x00000018   Code   RO         3111    i.USART_Cmd         stm32f10x_usart.o
    0x08002934   0x00000054   Code   RO         3115    i.USART_GetITStatus  stm32f10x_usart.o
    0x08002988   0x0000004a   Code   RO         3117    i.USART_ITConfig    stm32f10x_usart.o
    0x080029d2   0x00000002   PAD
    0x080029d4   0x000000d8   Code   RO         3118    i.USART_Init        stm32f10x_usart.o
    0x08002aac   0x0000000a   Code   RO         3125    i.USART_ReceiveData  stm32f10x_usart.o
    0x08002ab6   0x00000004   Code   RO          146    i.UsageFault_Handler  stm32f10x_it.o
    0x08002aba   0x00000028   Code   RO         4021    i.__ARM_fpclassify  m_ws.l(fpclassify.o)
    0x08002ae2   0x00000006   Code   RO          317    i._sys_exit         usart.o
    0x08002ae8   0x00000044   Code   RO          235    i.delay_init        delay.o
    0x08002b2c   0x0000004c   Code   RO          236    i.delay_ms          delay.o
    0x08002b78   0x0000001c   Code   RO          318    i.fputc             usart.o
    0x08002b94   0x00000144   Code   RO            1    i.main              main.o
    0x08002cd8   0x000000a4   Code   RO          319    i.uart_init         usart.o
    0x08002d7c   0x0000002c   Code   RO         4017    locale$$code        c_w.l(lc_numeric_c.o)
    0x08002da8   0x00000062   Code   RO         3886    x$fpl$d2f           fz_ws.l(d2f.o)
    0x08002e0a   0x00000018   Code   RO         3948    x$fpl$dcmpinf       fz_ws.l(dcmpi.o)
    0x08002e22   0x00000002   PAD
    0x08002e24   0x00000078   Code   RO         3908    x$fpl$dleqf         fz_ws.l(dleqf.o)
    0x08002e9c   0x00000154   Code   RO         3910    x$fpl$dmul          fz_ws.l(dmul.o)
    0x08002ff0   0x0000009c   Code   RO         3950    x$fpl$dnaninf       fz_ws.l(dnaninf.o)
    0x0800308c   0x0000000c   Code   RO         3952    x$fpl$dretinf       fz_ws.l(dretinf.o)
    0x08003098   0x0000006c   Code   RO         3912    x$fpl$drleqf        fz_ws.l(drleqf.o)
    0x08003104   0x00000056   Code   RO         3914    x$fpl$f2d           fz_ws.l(f2d.o)
    0x0800315a   0x00000002   PAD
    0x0800315c   0x000000c4   Code   RO         3916    x$fpl$fadd          fz_ws.l(faddsub_clz.o)
    0x08003220   0x00000018   Code   RO         3954    x$fpl$fcmpinf       fz_ws.l(fcmpi.o)
    0x08003238   0x0000003e   Code   RO         3922    x$fpl$ffixu         fz_ws.l(ffixu.o)
    0x08003276   0x00000002   PAD
    0x08003278   0x00000026   Code   RO         3926    x$fpl$ffltu         fz_ws.l(fflt_clz.o)
    0x0800329e   0x00000002   PAD
    0x080032a0   0x00000068   Code   RO         3932    x$fpl$fleqf         fz_ws.l(fleqf.o)
    0x08003308   0x00000102   Code   RO         3934    x$fpl$fmul          fz_ws.l(fmul.o)
    0x0800340a   0x0000008c   Code   RO         3956    x$fpl$fnaninf       fz_ws.l(fnaninf.o)
    0x08003496   0x0000000a   Code   RO         3958    x$fpl$fretinf       fz_ws.l(fretinf.o)
    0x080034a0   0x00000062   Code   RO         3936    x$fpl$frleqf        fz_ws.l(frleqf.o)
    0x08003502   0x00000014   Code   RO         3917    x$fpl$frsb          fz_ws.l(faddsub_clz.o)
    0x08003516   0x00000002   PAD
    0x08003518   0x000000ea   Code   RO         3918    x$fpl$fsub          fz_ws.l(faddsub_clz.o)
    0x08003602   0x00000004   Code   RO         3938    x$fpl$printf1       fz_ws.l(printf1.o)
    0x08003606   0x00000000   Code   RO         3960    x$fpl$usenofp       fz_ws.l(usenofp.o)
    0x08003606   0x00000f09   Data   RO         3400    .constdata          oled.o
    0x0800450f   0x00000001   PAD
    0x08004510   0x000010e0   Data   RO         3742    .constdata          spwm.o
    0x080055f0   0x00000094   Data   RO         3988    .constdata          c_w.l(bigflt0.o)
    0x08005684   0x00000020   Data   RO         4159    Region$$Table       anon$$obj.o
    0x080056a4   0x0000001c   Data   RO         4016    locale$$data        c_w.l(lc_numeric_c.o)


    Execution Region ER_RW (Base: 0x20000000, Size: 0x00000088, Max: 0xffffffff, ABSOLUTE)

    Base Addr    Size         Type   Attr      Idx    E Section Name        Object

    0x20000000   0x00000014   Data   RW          205    .data               system_stm32f10x.o
    0x20000014   0x00000004   Data   RW          238    .data               delay.o
    0x20000018   0x00000006   Data   RW          321    .data               usart.o
    0x2000001e   0x00000014   Data   RW         1971    .data               stm32f10x_rcc.o
    0x20000032   0x00000002   PAD
    0x20000034   0x00000024   Data   RW         3743    .data               spwm.o
    0x20000058   0x00000030   Data   RW         3797    .data               pid.o


    Execution Region ER_ZI (Base: 0x20000088, Size: 0x00000770, Max: 0xffffffff, ABSOLUTE)

    Base Addr    Size         Type   Attr      Idx    E Section Name        Object

    0x20000088   0x000000c8   Zero   RW          320    .bss                usart.o
    0x20000150   0x00000048   Zero   RW         3796    .bss                pid.o
    0x20000198   0x00000060   Zero   RW         4024    .bss                c_w.l(libspace.o)
    0x200001f8   0x00000200   Zero   RW          368    HEAP                startup_stm32f10x_md.o
    0x200003f8   0x00000400   Zero   RW          367    STACK               startup_stm32f10x_md.o


==============================================================================

Image component sizes


      Code (inc. data)   RO Data    RW Data    ZI Data      Debug   Object Name

       306         16          0          0          0       1767   adc.o
       144         22          0          4          0     213600   delay.o
       324         72          0          0          0     250295   main.o
       172         22          0          0          0       2041   misc.o
      1010         30       3849          0          0       7611   oled.o
       310         32          0         48         72       3072   pid.o
      1026         88       4320         36          0       4974   spwm.o
        64         26        236          0       1536        788   startup_stm32f10x_md.o
       486         24          0          0          0       8458   stm32f10x_adc.o
       286          0          0          0          0       3008   stm32f10x_gpio.o
        26          0          0          0          0       3666   stm32f10x_it.o
       332         44          0         20          0       5506   stm32f10x_rcc.o
      1618        180          0          0          0      15298   stm32f10x_tim.o
       408          6          0          0          0       4926   stm32f10x_usart.o
         0          0          0          0          0         32   sys.o
       328         28          0         20          0       2065   system_stm32f10x.o
       334         28          0          6        200       4120   usart.o

    ----------------------------------------------------------------------
      7198        618       8438        136       1808     531227   Object Totals
         0          0         32          0          0          0   (incl. Generated)
        24          0          1          2          0          0   (incl. Padding)

    ----------------------------------------------------------------------

      Code (inc. data)   RO Data    RW Data    ZI Data      Debug   Library Member Name

         8          0          0          0          0         68   __main.o
       104          0          0          0          0         84   __printf.o
         0          0          0          0          0          0   __rtentry.o
        12          0          0          0          0          0   __rtentry2.o
         6          0          0          0          0          0   __rtentry4.o
        52          8          0          0          0          0   __scatter.o
        26          0          0          0          0          0   __scatter_copy.o
        28          0          0          0          0          0   __scatter_zi.o
        48          6          0          0          0         96   _printf_char_common.o
        36          4          0          0          0         80   _printf_char_file.o
         6          0          0          0          0          0   _printf_f.o
      1050          0          0          0          0        216   _printf_fp_dec.o
       128         16          0          0          0         84   _printf_fp_infnan.o
         0          0          0          0          0          0   _printf_percent.o
         4          0          0          0          0          0   _printf_percent_end.o
       220          4        148          0          0         96   bigflt0.o
      1910        128          0          0          0        672   btod.o
        12          0          0          0          0         72   exit.o
         8          0          0          0          0         68   ferror.o
         6          0          0          0          0        152   heapauxi.o
        44         10         28          0          0         76   lc_numeric_c.o
         2          0          0          0          0          0   libinit.o
        18          0          0          0          0          0   libinit2.o
         2          0          0          0          0          0   libshutdown.o
         2          0          0          0          0          0   libshutdown2.o
         8          4          0          0         96         68   libspace.o
       138          0          0          0          0         80   lludiv10.o
        24          4          0          0          0         84   noretval__2printf.o
         8          4          0          0          0         68   rt_locale_intlibspace.o
        78          0          0          0          0         80   rt_memclr_w.o
         2          0          0          0          0          0   rtexit.o
        10          0          0          0          0          0   rtexit2.o
       128          0          0          0          0         68   strcmpv7m.o
        74          0          0          0          0         80   sys_stackheap_outer.o
         2          0          0          0          0         68   use_no_semi.o
         2          0          0          0          0         68   use_no_semi_2.o
        98          4          0          0          0         92   d2f.o
        24          0          0          0          0         68   dcmpi.o
       120          4          0          0          0         92   dleqf.o
       340         12          0          0          0        104   dmul.o
       156          4          0          0          0         92   dnaninf.o
        12          0          0          0          0         68   dretinf.o
       108          0          0          0          0         80   drleqf.o
        86          4          0          0          0         84   f2d.o
       450          8          0          0          0        236   faddsub_clz.o
        24          0          0          0          0         68   fcmpi.o
        62          4          0          0          0         84   ffixu.o
        38          0          0          0          0         68   fflt_clz.o
       104          4          0          0          0         84   fleqf.o
       258          4          0          0          0         84   fmul.o
       140          4          0          0          0         84   fnaninf.o
        10          0          0          0          0         68   fretinf.o
        98          0          0          0          0         68   frleqf.o
         4          0          0          0          0         68   printf1.o
         0          0          0          0          0          0   usenofp.o
        40          0          0          0          0         68   fpclassify.o

    ----------------------------------------------------------------------
      6396        240        176          0         96       4088   Library Totals
        18          0          0          0          0          0   (incl. Padding)

    ----------------------------------------------------------------------

      Code (inc. data)   RO Data    RW Data    ZI Data      Debug   Library Name

      4206        188        176          0         96       2428   c_w.l
      2132         52          0          0          0       1592   fz_ws.l
        40          0          0          0          0         68   m_ws.l

    ----------------------------------------------------------------------
      6396        240        176          0         96       4088   Library Totals

    ----------------------------------------------------------------------

==============================================================================


      Code (inc. data)   RO Data    RW Data    ZI Data      Debug   

     13594        858       8614        136       1904     528343   Grand Totals
     13594        858       8614        136       1904     528343   ELF Image Totals
     13594        858       8614        136          0          0   ROM Totals

==============================================================================

    Total RO  Size (Code + RO Data)                22208 (  21.69kB)
    Total RW  Size (RW Data + ZI Data)              2040 (   1.99kB)
    Total ROM Size (Code + RO Data + RW Data)      22344 (  21.82kB)

==============================================================================

